Archive member included to satisfy reference by file (symbol)

c:/OpenMono/mono/monoCyLib.a(Cm3Start.o)
                              (Reset)
c:/OpenMono/mono/monoCyLib.a(CyLib.o)
                              c:/OpenMono/mono/monoCyLib.a(Cm3Start.o) (CyHalt)
c:/OpenMono/mono/monoCyLib.a(cyPm.o)
                              c:/OpenMono/mono/monoCyLib.a(CyLib.o) (CyPmReadStatus)
c:/OpenMono/mono/monoCyLib.a(cybootloader.o)
                              (cy_meta_flashprotect)
c:/OpenMono/mono/monoCyLib.a(cyfitter_cfg.o)
                              c:/OpenMono/mono/monoCyLib.a(Cm3Start.o) (cyfitter_cfg)
c:/OpenMono/mono/monoCyLib.a(cymetadata.o)
                              (cy_meta_loadable)
c:/OpenMono/mono/monoCyLib.a(CyBootAsmGnu.o)
                              c:/OpenMono/mono/monoCyLib.a(CyLib.o) (CyDelayCycles)
c:/OpenMono/mono/monoCyLib.a(CyFlash.o)
                              c:/OpenMono/mono/monoCyLib.a(cyPm.o) (CyFlash_SetWaitCycles)
c:/OpenMono/mono/monoCyLib.a(CySpc.o)
                              c:/OpenMono/mono/monoCyLib.a(CyFlash.o) (CySpcStart)
c:/OpenMono/mono/mbedlib.a(retarget.o)
                              c:/openmono/gcc-arm-none-eabi-5_2-2015q4-20151219-win32/bin/../lib/gcc/arm-none-eabi/5.2.1/../../../../arm-none-eabi/lib/armv7-m/crt0.o (exit)
c:/OpenMono/mono/mbedlib.a(serial_api.o)
                              c:/OpenMono/mono/mbedlib.a(retarget.o) (serial_init)
c:/OpenMono/mono/mbedlib.a(serial_usb_api.o)
                              c:/OpenMono/mono/mbedlib.a(serial_api.o) (serial_usbuart_init_cdc)
c:/OpenMono/mono/mbedlib.a(us_ticker.o)
                              c:/OpenMono/mono/mbedlib.a(serial_usb_api.o) (us_ticker_read)
c:/OpenMono/mono/mbedlib.a(us_ticker_api.o)
                              c:/OpenMono/mono/mbedlib.a(us_ticker.o) (us_ticker_irq_handler)
c:/OpenMono/mono/mbedlib.a(FilePath.o)
                              c:/OpenMono/mono/mbedlib.a(retarget.o) (mbed::FilePath::FilePath(char const*))
c:/OpenMono/mono/mbedlib.a(FileSystemLike.o)
                              c:/OpenMono/mono/mbedlib.a(retarget.o) (mbed::FileSystemLike::opendir())
c:/OpenMono/mono/mbedlib.a(board.o)
                              c:/OpenMono/mono/mbedlib.a(retarget.o) (mbed_die)
c:/OpenMono/mono/mbedlib.a(ticker_api.o)
                              c:/OpenMono/mono/mbedlib.a(us_ticker_api.o) (ticker_irq_handler)
c:/OpenMono/mono/mbedlib.a(FileBase.o)
                              c:/OpenMono/mono/mbedlib.a(FileSystemLike.o) (mbed::FileBase::~FileBase())
c:/openmono/gcc-arm-none-eabi-5_2-2015q4-20151219-win32/bin/../lib/gcc/arm-none-eabi/5.2.1/../../../../arm-none-eabi/lib/armv7-m\libstdc++_nano.a(atexit_arm.o)
                              build/app_controller.o (__aeabi_atexit)
c:/openmono/gcc-arm-none-eabi-5_2-2015q4-20151219-win32/bin/../lib/gcc/arm-none-eabi/5.2.1/../../../../arm-none-eabi/lib/armv7-m\libstdc++_nano.a(del_op.o)
                              c:/OpenMono/mono/mbedlib.a(retarget.o) (operator delete(void*))
c:/openmono/gcc-arm-none-eabi-5_2-2015q4-20151219-win32/bin/../lib/gcc/arm-none-eabi/5.2.1/../../../../arm-none-eabi/lib/armv7-m\libstdc++_nano.a(new_op.o)
                              c:/OpenMono/mono/mbedlib.a(FileSystemLike.o) (operator new(unsigned int))
c:/openmono/gcc-arm-none-eabi-5_2-2015q4-20151219-win32/bin/../lib/gcc/arm-none-eabi/5.2.1/../../../../arm-none-eabi/lib/armv7-m\libstdc++_nano.a(pure.o)
                              c:/OpenMono/mono/mbedlib.a(retarget.o) (__cxa_pure_virtual)
c:/openmono/gcc-arm-none-eabi-5_2-2015q4-20151219-win32/bin/../lib/gcc/arm-none-eabi/5.2.1/../../../../arm-none-eabi/lib/armv7-m\libstdc++_nano.a(new_handler.o)
                              c:/openmono/gcc-arm-none-eabi-5_2-2015q4-20151219-win32/bin/../lib/gcc/arm-none-eabi/5.2.1/../../../../arm-none-eabi/lib/armv7-m\libstdc++_nano.a(new_op.o) (std::get_new_handler())
c:/openmono/gcc-arm-none-eabi-5_2-2015q4-20151219-win32/bin/../lib/gcc/arm-none-eabi/5.2.1/../../../../arm-none-eabi/lib/armv7-m\libstdc++_nano.a(eh_terminate.o)
                              c:/openmono/gcc-arm-none-eabi-5_2-2015q4-20151219-win32/bin/../lib/gcc/arm-none-eabi/5.2.1/../../../../arm-none-eabi/lib/armv7-m\libstdc++_nano.a(pure.o) (std::terminate())
c:/openmono/gcc-arm-none-eabi-5_2-2015q4-20151219-win32/bin/../lib/gcc/arm-none-eabi/5.2.1/../../../../arm-none-eabi/lib/armv7-m\libstdc++_nano.a(eh_term_handler.o)
                              c:/openmono/gcc-arm-none-eabi-5_2-2015q4-20151219-win32/bin/../lib/gcc/arm-none-eabi/5.2.1/../../../../arm-none-eabi/lib/armv7-m\libstdc++_nano.a(eh_terminate.o) (__cxxabiv1::__terminate_handler)
c:/openmono/gcc-arm-none-eabi-5_2-2015q4-20151219-win32/bin/../lib/gcc/arm-none-eabi/5.2.1/../../../../arm-none-eabi/lib/armv7-m\libstdc++_nano.a(eh_unex_handler.o)
[...]
Memory Configuration

Name             Origin             Length             Attributes
rom              0x00000000         0x00040000         xr
ram              0x1fff8000         0x00010000         xrw
*default*        0x00000000         0xffffffff

Linker script and memory map

LOAD c:/openmono/gcc-arm-none-eabi-5_2-2015q4-20151219-win32/bin/../lib/gcc/arm-none-eabi/5.2.1/armv7-m/crti.o
LOAD c:/openmono/gcc-arm-none-eabi-5_2-2015q4-20151219-win32/bin/../lib/gcc/arm-none-eabi/5.2.1/armv7-m/crtbegin.o
LOAD c:/openmono/gcc-arm-none-eabi-5_2-2015q4-20151219-win32/bin/../lib/gcc/arm-none-eabi/5.2.1/../../../../arm-none-eabi/lib/armv7-m/crt0.o
START GROUP
LOAD c:/OpenMono/mono/monoCyLib.a
LOAD c:/OpenMono/mono/CyComponentLibrary.a
LOAD c:/OpenMono/mono/mbedlib.a
LOAD c:/OpenMono/mono/mono_framework.a
LOAD build/app_controller.o
LOAD build/mono_default_main.o
LOAD c:/openmono/gcc-arm-none-eabi-5_2-2015q4-20151219-win32/bin/../lib/gcc/arm-none-eabi/5.2.1/../../../../arm-none-eabi/lib/armv7-m\libstdc++_nano.a
LOAD c:/openmono/gcc-arm-none-eabi-5_2-2015q4-20151219-win32/bin/../lib/gcc/arm-none-eabi/5.2.1/../../../../arm-none-eabi/lib/armv7-m\libsupc++_nano.a
LOAD c:/openmono/gcc-arm-none-eabi-5_2-2015q4-20151219-win32/bin/../lib/gcc/arm-none-eabi/5.2.1/../../../../arm-none-eabi/lib/armv7-m\libm.a
LOAD c:/openmono/gcc-arm-none-eabi-5_2-2015q4-20151219-win32/bin/../lib/gcc/arm-none-eabi/5.2.1/../../../../arm-none-eabi/lib/armv7-m\libc_nano.a
LOAD c:/openmono/gcc-arm-none-eabi-5_2-2015q4-20151219-win32/bin/../lib/gcc/arm-none-eabi/5.2.1/armv7-m\libgcc.a
LOAD c:/openmono/gcc-arm-none-eabi-5_2-2015q4-20151219-win32/bin/../lib/gcc/arm-none-eabi/5.2.1/../../../../arm-none-eabi/lib/armv7-m\libnosys.a
END GROUP
START GROUP
LOAD c:/openmono/gcc-arm-none-eabi-5_2-2015q4-20151219-win32/bin/../lib/gcc/arm-none-eabi/5.2.1/armv7-m\libgcc.a
LOAD c:/openmono/gcc-arm-none-eabi-5_2-2015q4-20151219-win32/bin/../lib/gcc/arm-none-eabi/5.2.1/../../../../arm-none-eabi/lib/armv7-m\libg_nano.a
LOAD c:/openmono/gcc-arm-none-eabi-5_2-2015q4-20151219-win32/bin/../lib/gcc/arm-none-eabi/5.2.1/../../../../arm-none-eabi/lib/armv7-m\libc_nano.a
END GROUP
START GROUP
LOAD c:/openmono/gcc-arm-none-eabi-5_2-2015q4-20151219-win32/bin/../lib/gcc/arm-none-eabi/5.2.1/armv7-m\libgcc.a
LOAD c:/openmono/gcc-arm-none-eabi-5_2-2015q4-20151219-win32/bin/../lib/gcc/arm-none-eabi/5.2.1/../../../../arm-none-eabi/lib/armv7-m\libc_nano.a
END GROUP
LOAD c:/openmono/gcc-arm-none-eabi-5_2-2015q4-20151219-win32/bin/../lib/gcc/arm-none-eabi/5.2.1/armv7-m/crtend.o
LOAD c:/openmono/gcc-arm-none-eabi-5_2-2015q4-20151219-win32/bin/../lib/gcc/arm-none-eabi/5.2.1/armv7-m/crtn.o
START GROUP
LOAD c:/openmono/gcc-arm-none-eabi-5_2-2015q4-20151219-win32/bin/../lib/gcc/arm-none-eabi/5.2.1/armv7-m\libgcc.a
LOAD c:/openmono/gcc-arm-none-eabi-5_2-2015q4-20151219-win32/bin/../lib/gcc/arm-none-eabi/5.2.1/../../../../arm-none-eabi/lib/armv7-m\libc.a
LOAD c:/openmono/gcc-arm-none-eabi-5_2-2015q4-20151219-win32/bin/../lib/gcc/arm-none-eabi/5.2.1/../../../../arm-none-eabi/lib/armv7-m\libnosys.a
END GROUP
                0x00000000                CY_APPL_ORIGIN = 0x0
                0x00000100                CY_FLASH_ROW_SIZE = 0x100
                0x00000020                CY_ECC_ROW_SIZE = 0x20
                0x00000000                CY_EE_IN_BTLDR = 0x0
                0x00000001                CY_APPL_LOADABLE = 0x1
                0x00000800                CY_EE_SIZE = 0x800
                0x00000001                CY_APPL_NUM = 0x1
                0x00000001                CY_APPL_MAX = 0x1
                0x00000040                CY_METADATA_SIZE = 0x40
                [!provide]                PROVIDE (__cy_heap_start, _end)
                0x00000001                PROVIDE (__cy_region_num, ((__cy_regions_end - __cy_regions) / 0x10))
                0x20008000                PROVIDE (__cy_stack, (ORIGIN (ram) + LENGTH (ram)))
                [!provide]                PROVIDE (__cy_heap_end, (__cy_stack - 0x4000))

.cybootloader   0x00000000     0x2200
 *(.cybootloader)
 .cybootloader  0x00000000     0x2200 c:/OpenMono/mono/monoCyLib.a(cybootloader.o)
                0x00000000                cy_bootloader
                0x00002200                appl1_start = CY_APPL_ORIGIN?CY_APPL_ORIGIN:ALIGN (CY_FLASH_ROW_SIZE)
                0x00021000                appl2_start = (appl1_start + ALIGN ((((LENGTH (rom) - appl1_start) - (0x2 * CY_FLASH_ROW_SIZE)) / 0x2), CY_FLASH_ROW_SIZE))
                0x00002200                appl_start = (CY_APPL_NUM == 0x1)?appl1_start:appl2_start
                0x00000440                ecc_offset = ((appl_start / CY_FLASH_ROW_SIZE) * CY_ECC_ROW_SIZE)
                0x00000000                ee_offset = (CY_APPL_LOADABLE && ! (CY_EE_IN_BTLDR))?((CY_EE_SIZE / CY_APPL_MAX) * (CY_APPL_NUM - 0x1)):0x0
                0x00000800                ee_size = (CY_APPL_LOADABLE && ! (CY_EE_IN_BTLDR))?(CY_EE_SIZE / CY_APPL_MAX):CY_EE_SIZE
                0x00000440                PROVIDE (CY_ECC_OFFSET, ecc_offset)

.text           0x00002200    0x1882c
 CREATE_OBJECT_SYMBOLS
                0x00002200                PROVIDE (__cy_interrupt_vector, RomVectors)
 *(.romvectors)
 .romvectors    0x00002200       0x10 c:/OpenMono/mono/monoCyLib.a(Cm3Start.o)
                0x00002200                RomVectors
                0x00000001                ASSERT ((. != __cy_interrupt_vector), No interrupt vector)
                0x00000001                ASSERT (CY_APPL_ORIGIN?(SIZEOF (.cybootloader) <= CY_APPL_ORIGIN):0x1, Wrong image location)
                0x00002210                PROVIDE (__cy_reset, Reset)
 *(.text.Reset)
 .text.Reset    0x00002210        0x6 c:/OpenMono/mono/monoCyLib.a(Cm3Start.o)
                0x00002210                Reset
                0x00000001                ASSERT ((. != __cy_reset), No reset code)
 *(.dma_init)
                0x00000001                ASSERT ((((appl_start + .) <= 0x10000) || 0x1), DMA Init must be within the first 64k of flash)
 *(.text .text.* .gnu.linkonce.t.*)
 *fill*         0x00002216        0x2 
 .text          0x00002218       0xa4 c:/openmono/gcc-arm-none-eabi-5_2-2015q4-20151219-win32/bin/../lib/gcc/arm-none-eabi/5.2.1/armv7-m/crtbegin.o
 .text.IntDefaultHandler
                0x000022bc        0x2 c:/OpenMono/mono/monoCyLib.a(Cm3Start.o)
                0x000022bc                IntDefaultHandler
 .text._exit    0x000022be        0xa c:/OpenMono/mono/monoCyLib.a(Cm3Start.o)
                0x000022be                _exit
 .text._sbrk    0x000022c8       0x30 c:/OpenMono/mono/monoCyLib.a(Cm3Start.o)
                0x000022c8                _sbrk
 .text.Start_c  0x000022f8       0x50 c:/OpenMono/mono/monoCyLib.a(Cm3Start.o)
                0x000022f8                Start_c
 .text.startup.initialize_psoc
                0x00002348       0x68 c:/OpenMono/mono/monoCyLib.a(Cm3Start.o)
                0x00002348                initialize_psoc
 .text.CyIMO_SetTrimValue
                0x000023b0       0xbc c:/OpenMono/mono/monoCyLib.a(CyLib.o)
 .text.CyBusClk_Internal_SetDivider
                0x0000246c       0x44 c:/OpenMono/mono/monoCyLib.a(CyLib.o)
 .text.CyPLL_OUT_Stop
                0x000024b0       0x10 c:/OpenMono/mono/monoCyLib.a(CyLib.o)
                0x000024b0                CyPLL_OUT_Stop
 .text.CyIMO_Stop
                0x000024c0       0x18 c:/OpenMono/mono/monoCyLib.a(CyLib.o)
                0x000024c0                CyIMO_Stop
 .text.CyIMO_SetSource
                0x000024d8       0x44 c:/OpenMono/mono/monoCyLib.a(CyLib.o)
                0x000024d8                CyIMO_SetSource
 .text.CyIMO_EnableDoubler
                0x0000251c       0x10 c:/OpenMono/mono/monoCyLib.a(CyLib.o)
                0x0000251c                CyIMO_EnableDoubler
 .text.CyIMO_DisableDoubler
                0x0000252c       0x10 c:/OpenMono/mono/monoCyLib.a(CyLib.o)
                0x0000252c                CyIMO_DisableDoubler
 .text.CyIMO_SetFreq
                0x0000253c       0xd4 c:/OpenMono/mono/monoCyLib.a(CyLib.o)
                0x0000253c                CyIMO_SetFreq
 .text.CyMasterClk_SetSource
                0x00002610       0x18 c:/OpenMono/mono/monoCyLib.a(CyLib.o)
                0x00002610                CyMasterClk_SetSource
 .text.CyMasterClk_SetDivider
                0x00002628        0xc c:/OpenMono/mono/monoCyLib.a(CyLib.o)
                0x00002628                CyMasterClk_SetDivider
 .text.CyBusClk_SetDivider
                0x00002634       0x70 c:/OpenMono/mono/monoCyLib.a(CyLib.o)
                0x00002634                CyBusClk_SetDivider
 .text.CyILO_Start100K
                0x000026a4       0x10 c:/OpenMono/mono/monoCyLib.a(CyLib.o)
                0x000026a4                CyILO_Start100K
 .text.CyILO_Stop100K
                0x000026b4       0x10 c:/OpenMono/mono/monoCyLib.a(CyLib.o)
                0x000026b4                CyILO_Stop100K
 .text.CyPLL_OUT_Start
                0x000026c4       0x74 c:/OpenMono/mono/monoCyLib.a(CyLib.o)
                0x000026c4                CyPLL_OUT_Start
 .text.CyIMO_Start
                0x00002738       0x5c c:/OpenMono/mono/monoCyLib.a(CyLib.o)
                0x00002738                CyIMO_Start
 .text.CyXTAL_Start
                0x00002794       0xa0 c:/OpenMono/mono/monoCyLib.a(CyLib.o)
                0x00002794                CyXTAL_Start
 .text.CyXTAL_Stop
                0x00002834       0x10 c:/OpenMono/mono/monoCyLib.a(CyLib.o)
                0x00002834                CyXTAL_Stop
 .text.CyHalt   0x00002844        0x4 c:/OpenMono/mono/monoCyLib.a(CyLib.o)
                0x00002844                CyHalt
 .text.CySoftwareReset
                0x00002848       0x10 c:/OpenMono/mono/monoCyLib.a(CyLib.o)
                0x00002848                CySoftwareReset
 .text.CyDelay  0x00002858       0x30 c:/OpenMono/mono/monoCyLib.a(CyLib.o)
                0x00002858                CyDelay
 .text.CyDelayUs
                0x00002888       0x10 c:/OpenMono/mono/monoCyLib.a(CyLib.o)
                0x00002888                CyDelayUs
 .text.CyIntSetSysVector
                0x00002898       0x1c c:/OpenMono/mono/monoCyLib.a(CyLib.o)
                0x00002898                CyIntSetSysVector
 .text.CyIntSetVector
                0x000028b4       0x20 c:/OpenMono/mono/monoCyLib.a(CyLib.o)
                0x000028b4                CyIntSetVector
 .text.CyIntSetPriority
                0x000028d4       0x20 c:/OpenMono/mono/monoCyLib.a(CyLib.o)
                0x000028d4                CyIntSetPriority
 .text.CySysTickInit
                0x000028f4       0x58 c:/OpenMono/mono/monoCyLib.a(CyLib.o)
                0x000028f4                CySysTickInit
 .text.CySysTickEnableInterrupt
                0x0000294c       0x10 c:/OpenMono/mono/monoCyLib.a(CyLib.o)
                0x0000294c                CySysTickEnableInterrupt
 .text.CySysTickEnable
                0x0000295c       0x18 c:/OpenMono/mono/monoCyLib.a(CyLib.o)
                0x0000295c                CySysTickEnable
 .text.CySysTickStart
                0x00002974       0x1c c:/OpenMono/mono/monoCyLib.a(CyLib.o)
                0x00002974                CySysTickStart
 .text.CySysTickDisableInterrupt
                0x00002990       0x10 c:/OpenMono/mono/monoCyLib.a(CyLib.o)
                0x00002990                CySysTickDisableInterrupt
 .text.CySysTickSetReload
                0x000029a0       0x10 c:/OpenMono/mono/monoCyLib.a(CyLib.o)
                0x000029a0                CySysTickSetReload
 .text.CySysTickGetReload
                0x000029b0       0x10 c:/OpenMono/mono/monoCyLib.a(CyLib.o)
                0x000029b0                CySysTickGetReload
 .text.CySysTickGetValue
                0x000029c0       0x10 c:/OpenMono/mono/monoCyLib.a(CyLib.o)
                0x000029c0                CySysTickGetValue
 .text.CySysTickSetClockSource
                0x000029d0       0x18 c:/OpenMono/mono/monoCyLib.a(CyLib.o)
                0x000029d0                CySysTickSetClockSource
 .text.CySysTickGetCountFlag
                0x000029e8       0x10 c:/OpenMono/mono/monoCyLib.a(CyLib.o)
                0x000029e8                CySysTickGetCountFlag
 .text.CySysTickServiceCallbacks
                0x000029f8       0x24 c:/OpenMono/mono/monoCyLib.a(CyLib.o)
 .text.CySysTickClear
                0x00002a1c        0xc c:/OpenMono/mono/monoCyLib.a(CyLib.o)
                0x00002a1c                CySysTickClear
 .text.CyGetUniqueId
                0x00002a28       0x70 c:/OpenMono/mono/monoCyLib.a(CyLib.o)
                0x00002a28                CyGetUniqueId
 .text.CyPmHibSlpSaveSet
                0x00002a98      0x1c0 c:/OpenMono/mono/monoCyLib.a(cyPm.o)
 .text.CyPmHibSlpRestore
                0x00002c58       0xc0 c:/OpenMono/mono/monoCyLib.a(cyPm.o)
 .text.CyPmSaveClocks
                0x00002d18      0x1c0 c:/OpenMono/mono/monoCyLib.a(cyPm.o)
                0x00002d18                CyPmSaveClocks
 .text.CyPmRestoreClocks
                0x00002ed8      0x1f0 c:/OpenMono/mono/monoCyLib.a(cyPm.o)
                0x00002ed8                CyPmRestoreClocks
 .text.CyPmSleep
                0x000030c8       0xf0 c:/OpenMono/mono/monoCyLib.a(cyPm.o)
                0x000030c8                CyPmSleep
 .text.CyPmReadStatus
                0x000031b8       0x2c c:/OpenMono/mono/monoCyLib.a(cyPm.o)
                0x000031b8                CyPmReadStatus
 .text.CyPmFtwSetInterval
                0x000031e4       0x50 c:/OpenMono/mono/monoCyLib.a(cyPm.o)
                0x000031e4                CyPmFtwSetInterval
 .text.cyfitter_cfg
                0x00003234      0x2b8 c:/OpenMono/mono/monoCyLib.a(cyfitter_cfg.o)
                0x00003234                cyfitter_cfg
 *fill*         0x000034ec        0x4 
 .text          0x000034f0       0x20 c:/OpenMono/mono/monoCyLib.a(CyBootAsmGnu.o)
                0x000034f0                CyDelayCycles
                0x00003500                CyEnterCriticalSection
                0x00003508                CyExitCriticalSection
 .text.CyFlash_SetWaitCycles
                0x00003510       0x78 c:/OpenMono/mono/monoCyLib.a(CyFlash.o)
                0x00003510                CyFlash_SetWaitCycles
 .text._ZN4mbed10FileHandle4flenEv
                0x00003588       0x34 c:/OpenMono/mono/mbedlib.a(retarget.o)
                0x00003588                mbed::FileHandle::flen()
 .text._ZL11init_serialv
                0x000035bc       0x24 c:/OpenMono/mono/mbedlib.a(retarget.o)
 .text._ZN4mbed10FileHandleD2Ev
                0x000035e0       0x28 c:/OpenMono/mono/mbedlib.a(retarget.o)
                0x000035e0                mbed::FileHandle::~FileHandle()
                0x000035e0                mbed::FileHandle::~FileHandle()
 .text._open    0x00003608       0xcc c:/OpenMono/mono/mbedlib.a(retarget.o)
                0x00003608                _open
 .text._close   0x000036d4       0x2c c:/OpenMono/mono/mbedlib.a(retarget.o)
                0x000036d4                _close
 .text._write   0x00003700       0x50 c:/OpenMono/mono/mbedlib.a(retarget.o)
                0x00003700                _write
 .text._read    0x00003750       0x44 c:/OpenMono/mono/mbedlib.a(retarget.o)
                0x00003750                _read
 .text._isatty  0x00003794       0x24 c:/OpenMono/mono/mbedlib.a(retarget.o)
                0x00003794                _isatty
 .text._lseek   0x000037b8       0x24 c:/OpenMono/mono/mbedlib.a(retarget.o)
                0x000037b8                _lseek
 .text._fstat   0x000037dc       0x1e c:/OpenMono/mono/mbedlib.a(retarget.o)
                0x000037dc                _fstat
 *fill*         0x000037fa        0x2 
 .text.exit     0x000037fc       0x24 c:/OpenMono/mono/mbedlib.a(retarget.o)
                0x000037fc                exit
 .text._ZN4mbed26mbed_set_unbuffered_streamEP7__sFILE
                0x00003820        0x6 c:/OpenMono/mono/mbedlib.a(retarget.o)
                0x00003820                mbed::mbed_set_unbuffered_stream(__sFILE*)
 *fill*         0x00003826        0x2 
 .text.serial_init
                0x00003828       0x1c c:/OpenMono/mono/mbedlib.a(serial_api.o)
                0x00003828                serial_init
 .text.serial_irq_handler
                0x00003844        0x2 c:/OpenMono/mono/mbedlib.a(serial_api.o)
                0x00003844                serial_irq_handler
 .text.serial_getc
                0x00003846       0x12 c:/OpenMono/mono/mbedlib.a(serial_api.o)
                0x00003846                serial_getc
 .text.serial_putc
                0x00003858       0x2e c:/OpenMono/mono/mbedlib.a(serial_api.o)
                0x00003858                serial_putc
 .text.serial_writable
                0x00003886       0x12 c:/OpenMono/mono/mbedlib.a(serial_api.o)
                0x00003886                serial_writable
 .text.serial_usbuart_try_enumeration
                0x00003898       0x26 c:/OpenMono/mono/mbedlib.a(serial_usb_api.o)
                0x00003898                serial_usbuart_try_enumeration
 *fill*         0x000038be        0x2 
 .text.serial_usbuart_init_cdc
                0x000038c0       0x74 c:/OpenMono/mono/mbedlib.a(serial_usb_api.o)
                0x000038c0                serial_usbuart_init_cdc
 .text.serial_usbuart_is_started
                0x00003934        0xc c:/OpenMono/mono/mbedlib.a(serial_usb_api.o)
                0x00003934                serial_usbuart_is_started
 .text.serial_usbuart_stopped
                0x00003940       0x14 c:/OpenMono/mono/mbedlib.a(serial_usb_api.o)
                0x00003940                serial_usbuart_stopped
 .text.serial_usbuart_dtr
                0x00003954       0x16 c:/OpenMono/mono/mbedlib.a(serial_usb_api.o)
                0x00003954                serial_usbuart_dtr
 *fill*         0x0000396a        0x2 
 .text.us_ticker_systick_irq_handler
                0x0000396c       0x6c c:/OpenMono/mono/mbedlib.a(us_ticker.o)
                0x0000396c                us_ticker_systick_irq_handler
 .text.us_ticker_init
                0x000039d8       0x38 c:/OpenMono/mono/mbedlib.a(us_ticker.o)
                0x000039d8                us_ticker_init
 .text.us_ticker_read
                0x00003a10       0x40 c:/OpenMono/mono/mbedlib.a(us_ticker.o)
                0x00003a10                us_ticker_read
 .text.us_ticker_set_interrupt
                0x00003a50       0x80 c:/OpenMono/mono/mbedlib.a(us_ticker.o)
                0x00003a50                us_ticker_set_interrupt
 .text.us_ticker_disable_interrupt
                0x00003ad0       0x14 c:/OpenMono/mono/mbedlib.a(us_ticker.o)
                0x00003ad0                us_ticker_disable_interrupt
 .text.us_ticker_clear_interrupt
                0x00003ae4        0x2 c:/OpenMono/mono/mbedlib.a(us_ticker.o)
                0x00003ae4                us_ticker_clear_interrupt
 *fill*         0x00003ae6        0x2 
 .text.get_us_ticker_data
                0x00003ae8        0x8 c:/OpenMono/mono/mbedlib.a(us_ticker_api.o)
                0x00003ae8                get_us_ticker_data
 .text.us_ticker_irq_handler
                0x00003af0        0xc c:/OpenMono/mono/mbedlib.a(us_ticker_api.o)
                0x00003af0                us_ticker_irq_handler
 .text._ZN4mbed8FilePathC2EPKc
                0x00003afc       0x3c c:/OpenMono/mono/mbedlib.a(FilePath.o)
                0x00003afc                mbed::FilePath::FilePath(char const*)
                0x00003afc                mbed::FilePath::FilePath(char const*)
 .text._ZN4mbed8FilePath8fileNameEv
                0x00003b38        0x4 c:/OpenMono/mono/mbedlib.a(FilePath.o)
                0x00003b38                mbed::FilePath::fileName()
 .text._ZN4mbed8FilePath12isFileSystemEv
                0x00003b3c       0x12 c:/OpenMono/mono/mbedlib.a(FilePath.o)
                0x00003b3c                mbed::FilePath::isFileSystem()
 .text._ZN4mbed8FilePath10fileSystemEv
                0x00003b4e        0xe c:/OpenMono/mono/mbedlib.a(FilePath.o)
                0x00003b4e                mbed::FilePath::fileSystem()
 .text._ZN4mbed8FilePath6isFileEv
                0x00003b5c       0x12 c:/OpenMono/mono/mbedlib.a(FilePath.o)
                0x00003b5c                mbed::FilePath::isFile()
 .text._ZN4mbed8FilePath4fileEv
                0x00003b6e       0x12 c:/OpenMono/mono/mbedlib.a(FilePath.o)
                0x00003b6e                mbed::FilePath::file()
 .text._ZN4mbed8FilePath6existsEv
                0x00003b80        0xa c:/OpenMono/mono/mbedlib.a(FilePath.o)
                0x00003b80                mbed::FilePath::exists()
 .text._ZN4mbed14FileSystemLike6removeEPKc
                0x00003b8a        0x6 c:/OpenMono/mono/mbedlib.a(FileSystemLike.o)
                0x00003b8a                mbed::FileSystemLike::remove(char const*)
 .text._ZN4mbed14FileSystemLike6renameEPKcS2_
                0x00003b90        0x6 c:/OpenMono/mono/mbedlib.a(FileSystemLike.o)
                0x00003b90                mbed::FileSystemLike::rename(char const*, char const*)
 .text._ZN4mbed14FileSystemLike7opendirEPKc
                0x00003b96        0x4 c:/OpenMono/mono/mbedlib.a(FileSystemLike.o)
                0x00003b96                mbed::FileSystemLike::opendir(char const*)
 .text._ZN4mbed14FileSystemLike5mkdirEPKcj
                0x00003b9a        0x6 c:/OpenMono/mono/mbedlib.a(FileSystemLike.o)
                0x00003b9a                mbed::FileSystemLike::mkdir(char const*, unsigned int)
 .text._ZN4mbed14FileSystemLikeC2EPKc
                0x00003ba0       0x18 c:/OpenMono/mono/mbedlib.a(FileSystemLike.o)
                0x00003ba0                mbed::FileSystemLike::FileSystemLike(char const*)
                0x00003ba0                mbed::FileSystemLike::FileSystemLike(char const*)
 .text._ZN4mbed14FileSystemLikeD2Ev
                0x00003bb8       0x14 c:/OpenMono/mono/mbedlib.a(FileSystemLike.o)
                0x00003bb8                mbed::FileSystemLike::~FileSystemLike()
                0x00003bb8                mbed::FileSystemLike::~FileSystemLike()
 .text.mbed_die
                0x00003bcc       0x68 c:/OpenMono/mono/mbedlib.a(board.o)
                0x00003bcc                mbed_die
 .text.ticker_set_handler
                0x00003c34       0x12 c:/OpenMono/mono/mbedlib.a(ticker_api.o)
                0x00003c34                ticker_set_handler
 .text.ticker_irq_handler
                0x00003c46       0x46 c:/OpenMono/mono/mbedlib.a(ticker_api.o)
                0x00003c46                ticker_irq_handler
 .text.ticker_insert_event
                0x00003c8c       0x36 c:/OpenMono/mono/mbedlib.a(ticker_api.o)
                0x00003c8c                ticker_insert_event
 .text.ticker_remove_event
                0x00003cc2       0x34 c:/OpenMono/mono/mbedlib.a(ticker_api.o)
                0x00003cc2                ticker_remove_event
 .text.ticker_read
                0x00003cf6        0x6 c:/OpenMono/mono/mbedlib.a(ticker_api.o)
                0x00003cf6                ticker_read
 .text._ZN4mbed8FileBaseD2Ev
                0x00003cfc       0x30 c:/OpenMono/mono/mbedlib.a(FileBase.o)
                0x00003cfc                mbed::FileBase::~FileBase()
                0x00003cfc                mbed::FileBase::~FileBase()
 .text._ZN4mbed8FileBaseD0Ev
                0x00003d2c       0x12 c:/OpenMono/mono/mbedlib.a(FileBase.o)
                0x00003d2c                mbed::FileBase::~FileBase()
 *fill*         0x00003d3e        0x2 
 .text._ZN4mbed8FileBaseC2EPKcNS_8PathTypeE
                0x00003d40       0x20 c:/OpenMono/mono/mbedlib.a(FileBase.o)
                0x00003d40                mbed::FileBase::FileBase(char const*, mbed::PathType)
                0x00003d40                mbed::FileBase::FileBase(char const*, mbed::PathType)
 .text._ZN4mbed8FileBase6lookupEPKcj
                0x00003d60       0x34 c:/OpenMono/mono/mbedlib.a(FileBase.o)
                0x00003d60                mbed::FileBase::lookup(char const*, unsigned int)
 .text._ZN4mbed8FileBase11getPathTypeEv
                0x00003d94        0x4 c:/OpenMono/mono/mbedlib.a(FileBase.o)
                0x00003d94                mbed::FileBase::getPathType()
 .text._ZN4mbed10SerialBaseD2Ev
                0x00003d98       0x28 build/app_controller.o
                0x00003d98                mbed::SerialBase::~SerialBase()
                0x00003d98                mbed::SerialBase::~SerialBase()
 .text._ZN4mbed10SerialBaseD0Ev
                0x00003dc0       0x20 build/app_controller.o
                0x00003dc0                mbed::SerialBase::~SerialBase()
 .text._ZN4mono12IApplicationC2Ev
                0x00003de0       0x20 build/app_controller.o
                0x00003de0                mono::IApplication::IApplication()
                0x00003de0                mono::IApplication::IApplication()
 .text._ZN7ToucherC2EP13AppController
                0x00003e00       0x2c build/app_controller.o
                0x00003e00                Toucher::Toucher(AppController*)
                0x00003e00                Toucher::Toucher(AppController*)
 .text._ZN7Toucher15RespondTouchEndERN4mono10TouchEventE
                0x00003e2c       0x28 build/app_controller.o
                0x00003e2c                Toucher::RespondTouchEnd(mono::TouchEvent&)
 .text._ZN13AppControllerC2Ev
                0x00003e54      0x120 build/app_controller.o
                0x00003e54                AppController::AppController()
                0x00003e54                AppController::AppController()
 .text._ZN13AppController11handleTouchERKN4mono3geo5PointE
                0x00003f74       0x18 build/app_controller.o
                0x00003f74                AppController::handleTouch(mono::geo::Point const&)
 .text._ZN13AppController17monoWakeFromResetEv
                0x00003f8c       0x20 build/app_controller.o
                0x00003f8c                AppController::monoWakeFromReset()
 .text._ZN13AppController17monoWillGotoSleepEv
                0x00003fac       0x14 build/app_controller.o
                0x00003fac                AppController::monoWillGotoSleep()
 .text._ZN13AppController17monoWakeFromSleepEv
                0x00003fc0       0x28 build/app_controller.o
                0x00003fc0                AppController::monoWakeFromSleep()
 .text._ZN4mono2ui4ViewaSERKS1_
                0x00003fe8       0x50 build/app_controller.o
                0x00003fe8                mono::ui::View::operator=(mono::ui::View const&)
 .text._ZN4mono2ui9ImageViewaSERKS1_
                0x00004038       0x4c build/app_controller.o
                0x00004038                mono::ui::ImageView::operator=(mono::ui::ImageView const&)
 .text._ZN13AppController9showImageEv
                0x00004084      0x198 build/app_controller.o
                0x00004084                AppController::showImage()
 .text._ZN13AppController12updateScreenEv
                0x0000421c       0x54 build/app_controller.o
                0x0000421c                AppController::updateScreen()
 .text._ZN13AppController14nextImageIndexEv
                0x00004270       0x34 build/app_controller.o
                0x00004270                AppController::nextImageIndex()
 .text._ZN4mono5Timer11setCallbackI13AppControllerEEvPT_MS3_FvvE
                0x000042a4       0x28 build/app_controller.o
                0x000042a4                void mono::Timer::setCallback<AppController>(AppController*, void (AppController::*)())
 .text._ZN4mbed19FunctionPointerArg1IvvE6attachI13AppControllerEEvPT_MS4_FvvE
                0x000042cc       0x3c build/app_controller.o
                0x000042cc                void mbed::FunctionPointerArg1<void, void>::attach<AppController>(AppController*, void (AppController::*)())
 .text._ZN4mbed19FunctionPointerArg1IvvE12membercallerI13AppControllerEEvPvPj
                0x00004308       0x50 build/app_controller.o
                0x00004308                void mbed::FunctionPointerArg1<void, void>::membercaller<AppController>(void*, unsigned int*)
 .text._ZN4mbed6SerialD2Ev
                0x00004358       0x60 build/app_controller.o
                0x00004358                mbed::Serial::~Serial()
                0x00004358                mbed::Serial::~Serial()
                0x000043a8                non-virtual thunk to mbed::Serial::~Serial()
                0x000043b0                non-virtual thunk to mbed::Serial::~Serial()
 .text._ZN4mbed6SerialD0Ev
                0x000043b8       0x30 build/app_controller.o
                0x000043b8                mbed::Serial::~Serial()
                0x000043d8                non-virtual thunk to mbed::Serial::~Serial()
                0x000043e0                non-virtual thunk to mbed::Serial::~Serial()
 .text._ZN4mono2io6SerialD2Ev
                0x000043e8       0x54 build/app_controller.o
                0x000043e8                mono::io::Serial::~Serial()
                0x000043e8                mono::io::Serial::~Serial()
                0x0000442c                non-virtual thunk to mono::io::Serial::~Serial()
                0x00004434                non-virtual thunk to mono::io::Serial::~Serial()
 .text._ZN4mono2io6SerialD0Ev
                0x0000443c       0x30 build/app_controller.o
                0x0000443c                mono::io::Serial::~Serial()
                0x0000445c                non-virtual thunk to mono::io::Serial::~Serial()
                0x00004464                non-virtual thunk to mono::io::Serial::~Serial()
 .text._Z41__static_initialization_and_destruction_0ii
                0x0000446c      0x164 build/app_controller.o
 .text._ZN4mono2ui9ImageViewD2Ev
                0x000045d0       0x30 build/app_controller.o
                0x000045d0                mono::ui::ImageView::~ImageView()
                0x000045d0                mono::ui::ImageView::~ImageView()
 .text._ZN4mono2ui9ImageViewD0Ev
                0x00004600       0x20 build/app_controller.o
                0x00004600                mono::ui::ImageView::~ImageView()
 .text._GLOBAL__sub_I__ZN7ToucherC2EP13AppController
                0x00004620       0x10 build/app_controller.o
 .text._ZN4mbed3SPID2Ev
                0x00004630       0x28 build/mono_default_main.o
                0x00004630                mbed::SPI::~SPI()
                0x00004630                mbed::SPI::~SPI()
 .text._ZN4mbed3SPID0Ev
                0x00004658       0x20 build/mono_default_main.o
                0x00004658                mbed::SPI::~SPI()
 .text._ZN4mono12IApplication12enterRunLoopEv
                0x00004678       0x28 build/mono_default_main.o
                0x00004678                mono::IApplication::enterRunLoop()
 .text._ZN13AppControllerD2Ev
                0x000046a0       0x5c build/mono_default_main.o
                0x000046a0                AppController::~AppController()
                0x000046a0                AppController::~AppController()
 .text.main     0x000046fc       0x48 build/mono_default_main.o
                0x000046fc                main
 .text._Z41__static_initialization_and_destruction_0ii
                0x00004744      0x164 build/mono_default_main.o
 .text._ZN4mono2ui14BackgroundViewD2Ev
                0x000048a8       0x30 build/mono_default_main.o
                0x000048a8                mono::ui::BackgroundView::~BackgroundView()
                0x000048a8                mono::ui::BackgroundView::~BackgroundView()
 .text._ZN4mono2ui14BackgroundViewD0Ev
                0x000048d8       0x20 build/mono_default_main.o
                0x000048d8                mono::ui::BackgroundView::~BackgroundView()
 .text._ZN4mono2ui13TextLabelViewD2Ev
                0x000048f8       0x44 build/mono_default_main.o
                0x000048f8                mono::ui::TextLabelView::~TextLabelView()
                0x000048f8                mono::ui::TextLabelView::~TextLabelView()
 .text._ZN4mono2ui13TextLabelViewD0Ev
                0x0000493c       0x20 build/mono_default_main.o
                0x0000493c                mono::ui::TextLabelView::~TextLabelView()
 .text._ZN12SDFileSystemD2Ev
                0x0000495c       0x3c build/mono_default_main.o
                0x0000495c                SDFileSystem::~SDFileSystem()
                0x0000495c                SDFileSystem::~SDFileSystem()
 .text._ZN12SDFileSystemD0Ev
                0x00004998       0x20 build/mono_default_main.o
                0x00004998                SDFileSystem::~SDFileSystem()
 .text._GLOBAL__sub_I_mono_default_main.cpp
                0x000049b8       0x10 build/mono_default_main.o
 .text.__aeabi_atexit
                0x000049c8        0xa c:/openmono/gcc-arm-none-eabi-5_2-2015q4-20151219-win32/bin/../lib/gcc/arm-none-eabi/5.2.1/../../../../arm-none-eabi/lib/armv7-m\libstdc++_nano.a(atexit_arm.o)
                0x000049c8                __aeabi_atexit
 .text._ZdlPv   0x000049d2        0x4 c:/openmono/gcc-arm-none-eabi-5_2-2015q4-20151219-win32/bin/../lib/gcc/arm-none-eabi/5.2.1/../../../../arm-none-eabi/lib/armv7-m\libstdc++_nano.a(del_op.o)
                0x000049d2                operator delete(void*)
 .text._Znwj    0x000049d6       0x22 c:/openmono/gcc-arm-none-eabi-5_2-2015q4-20151219-win32/bin/../lib/gcc/arm-none-eabi/5.2.1/../../../../arm-none-eabi/lib/armv7-m\libstdc++_nano.a(new_op.o)
                0x000049d6                operator new(unsigned int)
 .text.__cxa_pure_virtual
                0x000049f8       0x14 c:/openmono/gcc-arm-none-eabi-5_2-2015q4-20151219-win32/bin/../lib/gcc/arm-none-eabi/5.2.1/../../../../arm-none-eabi/lib/armv7-m\libstdc++_nano.a(pure.o)
                0x000049f8                __cxa_pure_virtual
 .text._ZSt15get_new_handlerv
                0x00004a0c       0x10 c:/openmono/gcc-arm-none-eabi-5_2-2015q4-20151219-win32/bin/../lib/gcc/arm-none-eabi/5.2.1/../../../../arm-none-eabi/lib/armv7-m\libstdc++_nano.a(new_handler.o)
                0x00004a0c                std::get_new_handler()
 .text._ZN10__cxxabiv111__terminateEPFvvE
                0x00004a1c        0x8 c:/openmono/gcc-arm-none-eabi-5_2-2015q4-20151219-win32/bin/../lib/gcc/arm-none-eabi/5.2.1/../../../../arm-none-eabi/lib/armv7-m\libstdc++_nano.a(eh_terminate.o)
                0x00004a1c                __cxxabiv1::__terminate(void (*)())
 .text._ZSt13get_terminatev
                0x00004a24       0x10 c:/openmono/gcc-arm-none-eabi-5_2-2015q4-20151219-win32/bin/../lib/gcc/arm-none-eabi/5.2.1/../../../../arm-none-eabi/lib/armv7-m\libstdc++_nano.a(eh_terminate.o)
                0x00004a24                std::get_terminate()
 .text._ZSt9terminatev
                0x00004a34        0xa c:/openmono/gcc-arm-none-eabi-5_2-2015q4-20151219-win32/bin/../lib/gcc/arm-none-eabi/5.2.1/../../../../arm-none-eabi/lib/armv7-m\libstdc++_nano.a(eh_terminate.o)
                0x00004a34                std::terminate()
 *fill*         0x00004a3e        0x2 
 .text._ZN9__gnu_cxx27__verbose_terminate_handlerEv
                0x00004a40       0x9c c:/openmono/gcc-arm-none-eabi-5_2-2015q4-20151219-win32/bin/../lib/gcc/arm-none-eabi/5.2.1/../../../../arm-none-eabi/lib/armv7-m\libstdc++_nano.a(vterminate.o)
                0x00004a40                __gnu_cxx::__verbose_terminate_handler()
 .text          0x00004adc     0x82b0 c:/openmono/gcc-arm-none-eabi-5_2-2015q4-20151219-win32/bin/../lib/gcc/arm-none-eabi/5.2.1/../../../../arm-none-eabi/lib/armv7-m\libstdc++_nano.a(cp-demangle.o)
                0x0000ccac                __cxa_demangle
                0x0000cd68                __gcclibcxx_demangle_callback
 .text.__cxa_current_exception_type
                0x0000cd8c       0x1a c:/openmono/gcc-arm-none-eabi-5_2-2015q4-20151219-win32/bin/../lib/gcc/arm-none-eabi/5.2.1/../../../../arm-none-eabi/lib/armv7-m\libstdc++_nano.a(eh_type.o)
                0x0000cd8c                __cxa_current_exception_type
 *fill*         0x0000cda6        0x2 
 .text.__cxa_get_globals
                0x0000cda8        0x8 c:/openmono/gcc-arm-none-eabi-5_2-2015q4-20151219-win32/bin/../lib/gcc/arm-none-eabi/5.2.1/../../../../arm-none-eabi/lib/armv7-m\libstdc++_nano.a(eh_globals.o)
                0x0000cda8                __cxa_get_globals
 .text.abort    0x0000cdb0        0xe c:/openmono/gcc-arm-none-eabi-5_2-2015q4-20151219-win32/bin/../lib/gcc/arm-none-eabi/5.2.1/../../../../arm-none-eabi/lib/armv7-m\libc_nano.a(lib_a-abort.o)
                0x0000cdb0                abort
 *fill*         0x0000cdbe        0x2 
 .text.__cxa_atexit
                0x0000cdc0       0x1c c:/openmono/gcc-arm-none-eabi-5_2-2015q4-20151219-win32/bin/../lib/gcc/arm-none-eabi/5.2.1/../../../../arm-none-eabi/lib/armv7-m\libc_nano.a(lib_a-cxa_atexit.o)
                0x0000cdc0                __cxa_atexit
 .text.__errno  0x0000cddc        0xc c:/openmono/gcc-arm-none-eabi-5_2-2015q4-20151219-win32/bin/../lib/gcc/arm-none-eabi/5.2.1/../../../../arm-none-eabi/lib/armv7-m\libc_nano.a(lib_a-errno.o)
                0x0000cddc                __errno
 .text._fclose_r
                0x0000cde8       0xa4 c:/openmono/gcc-arm-none-eabi-5_2-2015q4-20151219-win32/bin/../lib/gcc/arm-none-eabi/5.2.1/../../../../arm-none-eabi/lib/armv7-m\libc_nano.a(lib_a-fclose.o)
                0x0000cde8                _fclose_r
 .text.fclose   0x0000ce8c       0x10 c:/openmono/gcc-arm-none-eabi-5_2-2015q4-20151219-win32/bin/../lib/gcc/arm-none-eabi/5.2.1/../../../../arm-none-eabi/lib/armv7-m\libc_nano.a(lib_a-fclose.o)
                0x0000ce8c                fclose
 .text.__sflush_r
                0x0000ce9c      0x10c c:/openmono/gcc-arm-none-eabi-5_2-2015q4-20151219-win32/bin/../lib/gcc/arm-none-eabi/5.2.1/../../../../arm-none-eabi/lib/armv7-m\libc_nano.a(lib_a-fflush.o)
                0x0000ce9c                __sflush_r
 .text._fflush_r
                0x0000cfa8       0x54 c:/openmono/gcc-arm-none-eabi-5_2-2015q4-20151219-win32/bin/../lib/gcc/arm-none-eabi/5.2.1/../../../../arm-none-eabi/lib/armv7-m\libc_nano.a(lib_a-fflush.o)
                0x0000cfa8                _fflush_r
 .text.fflush   0x0000cffc       0x24 c:/openmono/gcc-arm-none-eabi-5_2-2015q4-20151219-win32/bin/../lib/gcc/arm-none-eabi/5.2.1/../../../../arm-none-eabi/lib/armv7-m\libc_nano.a(lib_a-fflush.o)
                0x0000cffc                fflush
 .text._cleanup_r
                0x0000d020        0xc c:/openmono/gcc-arm-none-eabi-5_2-2015q4-20151219-win32/bin/../lib/gcc/arm-none-eabi/5.2.1/../../../../arm-none-eabi/lib/armv7-m\libc_nano.a(lib_a-findfp.o)
                0x0000d020                _cleanup_r
 .text.std.isra.0
                0x0000d02c       0x48 c:/openmono/gcc-arm-none-eabi-5_2-2015q4-20151219-win32/bin/../lib/gcc/arm-none-eabi/5.2.1/../../../../arm-none-eabi/lib/armv7-m\libc_nano.a(lib_a-findfp.o)
 .text.__sfmoreglue
                0x0000d074       0x2c c:/openmono/gcc-arm-none-eabi-5_2-2015q4-20151219-win32/bin/../lib/gcc/arm-none-eabi/5.2.1/../../../../arm-none-eabi/lib/armv7-m\libc_nano.a(lib_a-findfp.o)
                0x0000d074                __sfmoreglue
 .text.__sinit  0x0000d0a0       0x60 c:/openmono/gcc-arm-none-eabi-5_2-2015q4-20151219-win32/bin/../lib/gcc/arm-none-eabi/5.2.1/../../../../arm-none-eabi/lib/armv7-m\libc_nano.a(lib_a-findfp.o)
                0x0000d0a0                __sinit
 .text.__sfp    0x0000d100       0x78 c:/openmono/gcc-arm-none-eabi-5_2-2015q4-20151219-win32/bin/../lib/gcc/arm-none-eabi/5.2.1/../../../../arm-none-eabi/lib/armv7-m\libc_nano.a(lib_a-findfp.o)
                0x0000d100                __sfp
 .text.__sfp_lock_acquire
                0x0000d178        0x2 c:/openmono/gcc-arm-none-eabi-5_2-2015q4-20151219-win32/bin/../lib/gcc/arm-none-eabi/5.2.1/../../../../arm-none-eabi/lib/armv7-m\libc_nano.a(lib_a-findfp.o)
                0x0000d178                __sfp_lock_acquire
 .text.__sfp_lock_release
                0x0000d17a        0x2 c:/openmono/gcc-arm-none-eabi-5_2-2015q4-20151219-win32/bin/../lib/gcc/arm-none-eabi/5.2.1/../../../../arm-none-eabi/lib/armv7-m\libc_nano.a(lib_a-findfp.o)
                0x0000d17a                __sfp_lock_release
 .text._fopen_r
                0x0000d17c       0x80 c:/openmono/gcc-arm-none-eabi-5_2-2015q4-20151219-win32/bin/../lib/gcc/arm-none-eabi/5.2.1/../../../../arm-none-eabi/lib/armv7-m\libc_nano.a(lib_a-fopen.o)
                0x0000d17c                _fopen_r
 .text.fopen    0x0000d1fc       0x10 c:/openmono/gcc-arm-none-eabi-5_2-2015q4-20151219-win32/bin/../lib/gcc/arm-none-eabi/5.2.1/../../../../arm-none-eabi/lib/armv7-m\libc_nano.a(lib_a-fopen.o)
                0x0000d1fc                fopen
 .text._fputs_r
                0x0000d20c       0xa8 c:/openmono/gcc-arm-none-eabi-5_2-2015q4-20151219-win32/bin/../lib/gcc/arm-none-eabi/5.2.1/../../../../arm-none-eabi/lib/armv7-m\libc_nano.a(lib_a-fputs.o)
                0x0000d20c                _fputs_r
 .text.fputs    0x0000d2b4       0x10 c:/openmono/gcc-arm-none-eabi-5_2-2015q4-20151219-win32/bin/../lib/gcc/arm-none-eabi/5.2.1/../../../../arm-none-eabi/lib/armv7-m\libc_nano.a(lib_a-fputs.o)
                0x0000d2b4                fputs
 .text._fseek_r
                0x0000d2c4        0x4 c:/openmono/gcc-arm-none-eabi-5_2-2015q4-20151219-win32/bin/../lib/gcc/arm-none-eabi/5.2.1/../../../../arm-none-eabi/lib/armv7-m\libc_nano.a(lib_a-fseek.o)
                0x0000d2c4                _fseek_r
 .text.fseek    0x0000d2c8       0x14 c:/openmono/gcc-arm-none-eabi-5_2-2015q4-20151219-win32/bin/../lib/gcc/arm-none-eabi/5.2.1/../../../../arm-none-eabi/lib/armv7-m\libc_nano.a(lib_a-fseek.o)
                0x0000d2c8                fseek
 .text._fseeko_r
                0x0000d2dc      0x118 c:/openmono/gcc-arm-none-eabi-5_2-2015q4-20151219-win32/bin/../lib/gcc/arm-none-eabi/5.2.1/../../../../arm-none-eabi/lib/armv7-m\libc_nano.a(lib_a-fseeko.o)
                0x0000d2dc                _fseeko_r
 .text._fwalk   0x0000d3f4       0x38 c:/openmono/gcc-arm-none-eabi-5_2-2015q4-20151219-win32/bin/../lib/gcc/arm-none-eabi/5.2.1/../../../../arm-none-eabi/lib/armv7-m\libc_nano.a(lib_a-fwalk.o)
                0x0000d3f4                _fwalk
 .text._fwalk_reent
                0x0000d42c       0x3c c:/openmono/gcc-arm-none-eabi-5_2-2015q4-20151219-win32/bin/../lib/gcc/arm-none-eabi/5.2.1/../../../../arm-none-eabi/lib/armv7-m\libc_nano.a(lib_a-fwalk.o)
                0x0000d42c                _fwalk_reent
 .text.__libc_init_array
                0x0000d468       0x4c c:/openmono/gcc-arm-none-eabi-5_2-2015q4-20151219-win32/bin/../lib/gcc/arm-none-eabi/5.2.1/../../../../arm-none-eabi/lib/armv7-m\libc_nano.a(lib_a-init.o)
                0x0000d468                __libc_init_array
 .text.__smakebuf_r
                0x0000d4b4       0x98 c:/openmono/gcc-arm-none-eabi-5_2-2015q4-20151219-win32/bin/../lib/gcc/arm-none-eabi/5.2.1/../../../../arm-none-eabi/lib/armv7-m\libc_nano.a(lib_a-makebuf.o)
                0x0000d4b4                __smakebuf_r
 .text.malloc   0x0000d54c       0x10 c:/openmono/gcc-arm-none-eabi-5_2-2015q4-20151219-win32/bin/../lib/gcc/arm-none-eabi/5.2.1/../../../../arm-none-eabi/lib/armv7-m\libc_nano.a(lib_a-malloc.o)
                0x0000d54c                malloc
 .text.free     0x0000d55c       0x10 c:/openmono/gcc-arm-none-eabi-5_2-2015q4-20151219-win32/bin/../lib/gcc/arm-none-eabi/5.2.1/../../../../arm-none-eabi/lib/armv7-m\libc_nano.a(lib_a-malloc.o)
                0x0000d55c                free
 .text.memchr   0x0000d56c       0x1c c:/openmono/gcc-arm-none-eabi-5_2-2015q4-20151219-win32/bin/../lib/gcc/arm-none-eabi/5.2.1/../../../../arm-none-eabi/lib/armv7-m\libc_nano.a(lib_a-memchr-stub.o)
                0x0000d56c                memchr
 .text.memcmp   0x0000d588       0x1e c:/openmono/gcc-arm-none-eabi-5_2-2015q4-20151219-win32/bin/../lib/gcc/arm-none-eabi/5.2.1/../../../../arm-none-eabi/lib/armv7-m\libc_nano.a(lib_a-memcmp.o)
                0x0000d588                memcmp
 .text.memcpy   0x0000d5a6       0x16 c:/openmono/gcc-arm-none-eabi-5_2-2015q4-20151219-win32/bin/../lib/gcc/arm-none-eabi/5.2.1/../../../../arm-none-eabi/lib/armv7-m\libc_nano.a(lib_a-memcpy-stub.o)
                0x0000d5a6                memcpy
 .text.memset   0x0000d5bc       0x10 c:/openmono/gcc-arm-none-eabi-5_2-2015q4-20151219-win32/bin/../lib/gcc/arm-none-eabi/5.2.1/../../../../arm-none-eabi/lib/armv7-m\libc_nano.a(lib_a-memset.o)
                0x0000d5bc                memset
 .text._free_r  0x0000d5cc       0x88 c:/openmono/gcc-arm-none-eabi-5_2-2015q4-20151219-win32/bin/../lib/gcc/arm-none-eabi/5.2.1/../../../../arm-none-eabi/lib/armv7-m\libc_nano.a(lib_a-nano-freer.o)
                0x0000d5cc                _free_r
 .text._malloc_r
                0x0000d654       0xa8 c:/openmono/gcc-arm-none-eabi-5_2-2015q4-20151219-win32/bin/../lib/gcc/arm-none-eabi/5.2.1/../../../../arm-none-eabi/lib/armv7-m\libc_nano.a(lib_a-nano-mallocr.o)
                0x0000d654                _malloc_r
 .text._open_r  0x0000d6fc       0x24 c:/openmono/gcc-arm-none-eabi-5_2-2015q4-20151219-win32/bin/../lib/gcc/arm-none-eabi/5.2.1/../../../../arm-none-eabi/lib/armv7-m\libc_nano.a(lib_a-openr.o)
                0x0000d6fc                _open_r
 .text.realloc  0x0000d720       0x10 c:/openmono/gcc-arm-none-eabi-5_2-2015q4-20151219-win32/bin/../lib/gcc/arm-none-eabi/5.2.1/../../../../arm-none-eabi/lib/armv7-m\libc_nano.a(lib_a-realloc.o)
                0x0000d720                realloc
 .text.lflush   0x0000d730       0x12 c:/openmono/gcc-arm-none-eabi-5_2-2015q4-20151219-win32/bin/../lib/gcc/arm-none-eabi/5.2.1/../../../../arm-none-eabi/lib/armv7-m\libc_nano.a(lib_a-refill.o)
 *fill*         0x0000d742        0x2 
 .text.__srefill_r
                0x0000d744      0x10c c:/openmono/gcc-arm-none-eabi-5_2-2015q4-20151219-win32/bin/../lib/gcc/arm-none-eabi/5.2.1/../../../../arm-none-eabi/lib/armv7-m\libc_nano.a(lib_a-refill.o)
                0x0000d744                __srefill_r
 .text._sbrk_r  0x0000d850       0x20 c:/openmono/gcc-arm-none-eabi-5_2-2015q4-20151219-win32/bin/../lib/gcc/arm-none-eabi/5.2.1/../../../../arm-none-eabi/lib/armv7-m\libc_nano.a(lib_a-sbrkr.o)
                0x0000d850                _sbrk_r
 .text.setbuf   0x0000d870       0x10 c:/openmono/gcc-arm-none-eabi-5_2-2015q4-20151219-win32/bin/../lib/gcc/arm-none-eabi/5.2.1/../../../../arm-none-eabi/lib/armv7-m\libc_nano.a(lib_a-setbuf.o)
                0x0000d870                setbuf
 .text.setvbuf  0x0000d880      0x110 c:/openmono/gcc-arm-none-eabi-5_2-2015q4-20151219-win32/bin/../lib/gcc/arm-none-eabi/5.2.1/../../../../arm-none-eabi/lib/armv7-m\libc_nano.a(lib_a-setvbuf.o)
                0x0000d880                setvbuf
 .text._raise_r
                0x0000d990       0x54 c:/openmono/gcc-arm-none-eabi-5_2-2015q4-20151219-win32/bin/../lib/gcc/arm-none-eabi/5.2.1/../../../../arm-none-eabi/lib/armv7-m\libc_nano.a(lib_a-signal.o)
                0x0000d990                _raise_r
 .text.raise    0x0000d9e4       0x10 c:/openmono/gcc-arm-none-eabi-5_2-2015q4-20151219-win32/bin/../lib/gcc/arm-none-eabi/5.2.1/../../../../arm-none-eabi/lib/armv7-m\libc_nano.a(lib_a-signal.o)
                0x0000d9e4                raise
 .text._kill_r  0x0000d9f4       0x24 c:/openmono/gcc-arm-none-eabi-5_2-2015q4-20151219-win32/bin/../lib/gcc/arm-none-eabi/5.2.1/../../../../arm-none-eabi/lib/armv7-m\libc_nano.a(lib_a-signalr.o)
                0x0000d9f4                _kill_r
 .text._getpid_r
                0x0000da18        0x4 c:/openmono/gcc-arm-none-eabi-5_2-2015q4-20151219-win32/bin/../lib/gcc/arm-none-eabi/5.2.1/../../../../arm-none-eabi/lib/armv7-m\libc_nano.a(lib_a-signalr.o)
                0x0000da18                _getpid_r
 .text.sprintf  0x0000da1c       0x48 c:/openmono/gcc-arm-none-eabi-5_2-2015q4-20151219-win32/bin/../lib/gcc/arm-none-eabi/5.2.1/../../../../arm-none-eabi/lib/armv7-m\libc_nano.a(lib_a-sprintf.o)
                0x0000da1c                siprintf
                0x0000da1c                sprintf
 .text.sscanf   0x0000da64       0x54 c:/openmono/gcc-arm-none-eabi-5_2-2015q4-20151219-win32/bin/../lib/gcc/arm-none-eabi/5.2.1/../../../../arm-none-eabi/lib/armv7-m\libc_nano.a(lib_a-sscanf.o)
                0x0000da64                siscanf
                0x0000da64                sscanf
 .text.__sread  0x0000dab8       0x22 c:/openmono/gcc-arm-none-eabi-5_2-2015q4-20151219-win32/bin/../lib/gcc/arm-none-eabi/5.2.1/../../../../arm-none-eabi/lib/armv7-m\libc_nano.a(lib_a-stdio.o)
                0x0000dab8                __sread
 .text.__seofread
                0x0000dada        0x4 c:/openmono/gcc-arm-none-eabi-5_2-2015q4-20151219-win32/bin/../lib/gcc/arm-none-eabi/5.2.1/../../../../arm-none-eabi/lib/armv7-m\libc_nano.a(lib_a-stdio.o)
                0x0000dada                __seofread
 .text.__swrite
                0x0000dade       0x38 c:/openmono/gcc-arm-none-eabi-5_2-2015q4-20151219-win32/bin/../lib/gcc/arm-none-eabi/5.2.1/../../../../arm-none-eabi/lib/armv7-m\libc_nano.a(lib_a-stdio.o)
                0x0000dade                __swrite
 .text.__sseek  0x0000db16       0x24 c:/openmono/gcc-arm-none-eabi-5_2-2015q4-20151219-win32/bin/../lib/gcc/arm-none-eabi/5.2.1/../../../../arm-none-eabi/lib/armv7-m\libc_nano.a(lib_a-stdio.o)
                0x0000db16                __sseek
 .text.__sclose
                0x0000db3a        0x8 c:/openmono/gcc-arm-none-eabi-5_2-2015q4-20151219-win32/bin/../lib/gcc/arm-none-eabi/5.2.1/../../../../arm-none-eabi/lib/armv7-m\libc_nano.a(lib_a-stdio.o)
                0x0000db3a                __sclose
 .text          0x0000db42       0x14 c:/openmono/gcc-arm-none-eabi-5_2-2015q4-20151219-win32/bin/../lib/gcc/arm-none-eabi/5.2.1/../../../../arm-none-eabi/lib/armv7-m\libc_nano.a(lib_a-strcmp.o)
                0x0000db42                strcmp
 .text          0x0000db56       0x10 c:/openmono/gcc-arm-none-eabi-5_2-2015q4-20151219-win32/bin/../lib/gcc/arm-none-eabi/5.2.1/../../../../arm-none-eabi/lib/armv7-m\libc_nano.a(lib_a-strlen.o)
                0x0000db56                strlen
 .text.strncmp  0x0000db66       0x2a c:/openmono/gcc-arm-none-eabi-5_2-2015q4-20151219-win32/bin/../lib/gcc/arm-none-eabi/5.2.1/../../../../arm-none-eabi/lib/armv7-m\libc_nano.a(lib_a-strncmp.o)
                0x0000db66                strncmp
 .text.write    0x0000db90       0x14 c:/openmono/gcc-arm-none-eabi-5_2-2015q4-20151219-win32/bin/../lib/gcc/arm-none-eabi/5.2.1/../../../../arm-none-eabi/lib/armv7-m\libc_nano.a(lib_a-syswrite.o)
                0x0000db90                write
 .text.__swbuf_r
                0x0000dba4       0xa8 c:/openmono/gcc-arm-none-eabi-5_2-2015q4-20151219-win32/bin/../lib/gcc/arm-none-eabi/5.2.1/../../../../arm-none-eabi/lib/armv7-m\libc_nano.a(lib_a-wbuf.o)
                0x0000dba4                __swbuf_r
 .text._write_r
                0x0000dc4c       0x24 c:/openmono/gcc-arm-none-eabi-5_2-2015q4-20151219-win32/bin/../lib/gcc/arm-none-eabi/5.2.1/../../../../arm-none-eabi/lib/armv7-m\libc_nano.a(lib_a-writer.o)
                0x0000dc4c                _write_r
 .text.__swsetup_r
                0x0000dc70       0xd8 c:/openmono/gcc-arm-none-eabi-5_2-2015q4-20151219-win32/bin/../lib/gcc/arm-none-eabi/5.2.1/../../../../arm-none-eabi/lib/armv7-m\libc_nano.a(lib_a-wsetup.o)
                0x0000dc70                __swsetup_r
 .text._close_r
                0x0000dd48       0x20 c:/openmono/gcc-arm-none-eabi-5_2-2015q4-20151219-win32/bin/../lib/gcc/arm-none-eabi/5.2.1/../../../../arm-none-eabi/lib/armv7-m\libc_nano.a(lib_a-closer.o)
                0x0000dd48                _close_r
 .text.__sflags
                0x0000dd68       0x6e c:/openmono/gcc-arm-none-eabi-5_2-2015q4-20151219-win32/bin/../lib/gcc/arm-none-eabi/5.2.1/../../../../arm-none-eabi/lib/armv7-m\libc_nano.a(lib_a-flags.o)
                0x0000dd68                __sflags
 *fill*         0x0000ddd6        0x2 
 .text._fstat_r
                0x0000ddd8       0x24 c:/openmono/gcc-arm-none-eabi-5_2-2015q4-20151219-win32/bin/../lib/gcc/arm-none-eabi/5.2.1/../../../../arm-none-eabi/lib/armv7-m\libc_nano.a(lib_a-fstatr.o)
                0x0000ddd8                _fstat_r
 .text._isatty_r
                0x0000ddfc       0x20 c:/openmono/gcc-arm-none-eabi-5_2-2015q4-20151219-win32/bin/../lib/gcc/arm-none-eabi/5.2.1/../../../../arm-none-eabi/lib/armv7-m\libc_nano.a(lib_a-isattyr.o)
                0x0000ddfc                _isatty_r
 .text._lseek_r
                0x0000de1c       0x24 c:/openmono/gcc-arm-none-eabi-5_2-2015q4-20151219-win32/bin/../lib/gcc/arm-none-eabi/5.2.1/../../../../arm-none-eabi/lib/armv7-m\libc_nano.a(lib_a-lseekr.o)
                0x0000de1c                _lseek_r
 .text._realloc_r
                0x0000de40       0x4c c:/openmono/gcc-arm-none-eabi-5_2-2015q4-20151219-win32/bin/../lib/gcc/arm-none-eabi/5.2.1/../../../../arm-none-eabi/lib/armv7-m\libc_nano.a(lib_a-nano-reallocr.o)
                0x0000de40                _realloc_r
 .text.__ssputs_r
                0x0000de8c       0xb2 c:/openmono/gcc-arm-none-eabi-5_2-2015q4-20151219-win32/bin/../lib/gcc/arm-none-eabi/5.2.1/../../../../arm-none-eabi/lib/armv7-m\libc_nano.a(lib_a-nano-svfprintf.o)
                0x0000de8c                __ssputs_r
 *fill*         0x0000df3e        0x2 
 .text._svfprintf_r
                0x0000df40      0x1e8 c:/openmono/gcc-arm-none-eabi-5_2-2015q4-20151219-win32/bin/../lib/gcc/arm-none-eabi/5.2.1/../../../../arm-none-eabi/lib/armv7-m\libc_nano.a(lib_a-nano-svfprintf.o)
                0x0000df40                _svfiprintf_r
                0x0000df40                _svfprintf_r
 .text._sungetc_r
                0x0000e128       0x7c c:/openmono/gcc-arm-none-eabi-5_2-2015q4-20151219-win32/bin/../lib/gcc/arm-none-eabi/5.2.1/../../../../arm-none-eabi/lib/armv7-m\libc_nano.a(lib_a-nano-svfscanf.o)
                0x0000e128                _sungetc_r
 .text.__ssrefill_r
                0x0000e1a4       0x3a c:/openmono/gcc-arm-none-eabi-5_2-2015q4-20151219-win32/bin/../lib/gcc/arm-none-eabi/5.2.1/../../../../arm-none-eabi/lib/armv7-m\libc_nano.a(lib_a-nano-svfscanf.o)
                0x0000e1a4                __ssrefill_r
 *fill*         0x0000e1de        0x2 
 .text.__ssvfscanf_r
                0x0000e1e0      0x29c c:/openmono/gcc-arm-none-eabi-5_2-2015q4-20151219-win32/bin/../lib/gcc/arm-none-eabi/5.2.1/../../../../arm-none-eabi/lib/armv7-m\libc_nano.a(lib_a-nano-svfscanf.o)
                0x0000e1e0                __ssvfiscanf_r
                0x0000e1e0                __ssvfscanf_r
 .text._printf_common
                0x0000e47c       0xec c:/openmono/gcc-arm-none-eabi-5_2-2015q4-20151219-win32/bin/../lib/gcc/arm-none-eabi/5.2.1/../../../../arm-none-eabi/lib/armv7-m\libc_nano.a(lib_a-nano-vfprintf_i.o)
                0x0000e47c                _printf_common
 .text._printf_i
                0x0000e568      0x24c c:/openmono/gcc-arm-none-eabi-5_2-2015q4-20151219-win32/bin/../lib/gcc/arm-none-eabi/5.2.1/../../../../arm-none-eabi/lib/armv7-m\libc_nano.a(lib_a-nano-vfprintf_i.o)
                0x0000e568                _printf_i
 .text._scanf_chars
                0x0000e7b4       0xcc c:/openmono/gcc-arm-none-eabi-5_2-2015q4-20151219-win32/bin/../lib/gcc/arm-none-eabi/5.2.1/../../../../arm-none-eabi/lib/armv7-m\libc_nano.a(lib_a-nano-vfscanf_i.o)
                0x0000e7b4                _scanf_chars
 .text._scanf_i
                0x0000e880      0x1e4 c:/openmono/gcc-arm-none-eabi-5_2-2015q4-20151219-win32/bin/../lib/gcc/arm-none-eabi/5.2.1/../../../../arm-none-eabi/lib/armv7-m\libc_nano.a(lib_a-nano-vfscanf_i.o)
                0x0000e880                _scanf_i
 .text._read_r  0x0000ea64       0x24 c:/openmono/gcc-arm-none-eabi-5_2-2015q4-20151219-win32/bin/../lib/gcc/arm-none-eabi/5.2.1/../../../../arm-none-eabi/lib/armv7-m\libc_nano.a(lib_a-readr.o)
                0x0000ea64                _read_r
 .text.__sccl   0x0000ea88       0x60 c:/openmono/gcc-arm-none-eabi-5_2-2015q4-20151219-win32/bin/../lib/gcc/arm-none-eabi/5.2.1/../../../../arm-none-eabi/lib/armv7-m\libc_nano.a(lib_a-sccl.o)
                0x0000ea88                __sccl
 .text._strtol_r
                0x0000eae8      0x10c c:/openmono/gcc-arm-none-eabi-5_2-2015q4-20151219-win32/bin/../lib/gcc/arm-none-eabi/5.2.1/../../../../arm-none-eabi/lib/armv7-m\libc_nano.a(lib_a-strtol.o)
                0x0000eae8                _strtol_r
 .text._strtoul_r
                0x0000ebf4       0xfc c:/openmono/gcc-arm-none-eabi-5_2-2015q4-20151219-win32/bin/../lib/gcc/arm-none-eabi/5.2.1/../../../../arm-none-eabi/lib/armv7-m\libc_nano.a(lib_a-strtoul.o)
                0x0000ebf4                _strtoul_r
 .text.strtoul  0x0000ecf0       0x14 c:/openmono/gcc-arm-none-eabi-5_2-2015q4-20151219-win32/bin/../lib/gcc/arm-none-eabi/5.2.1/../../../../arm-none-eabi/lib/armv7-m\libc_nano.a(lib_a-strtoul.o)
                0x0000ecf0                strtoul
 .text.__submore
                0x0000ed04       0x72 c:/openmono/gcc-arm-none-eabi-5_2-2015q4-20151219-win32/bin/../lib/gcc/arm-none-eabi/5.2.1/../../../../arm-none-eabi/lib/armv7-m\libc_nano.a(lib_a-ungetc.o)
                0x0000ed04                __submore
 .text.memmove  0x0000ed76       0x36 c:/openmono/gcc-arm-none-eabi-5_2-2015q4-20151219-win32/bin/../lib/gcc/arm-none-eabi/5.2.1/../../../../arm-none-eabi/lib/armv7-m\libc_nano.a(lib_a-memmove.o)
                0x0000ed76                memmove
 .text._malloc_usable_size_r
                0x0000edac       0x14 c:/openmono/gcc-arm-none-eabi-5_2-2015q4-20151219-win32/bin/../lib/gcc/arm-none-eabi/5.2.1/../../../../arm-none-eabi/lib/armv7-m\libc_nano.a(lib_a-nano-msizer.o)
                0x0000edac                _malloc_usable_size_r
 .text          0x0000edc0       0x30 c:/openmono/gcc-arm-none-eabi-5_2-2015q4-20151219-win32/bin/../lib/gcc/arm-none-eabi/5.2.1/armv7-m\libgcc.a(_aeabi_uldivmod.o)
                0x0000edc0                __aeabi_uldivmod
 .text          0x0000edf0      0x2ec c:/openmono/gcc-arm-none-eabi-5_2-2015q4-20151219-win32/bin/../lib/gcc/arm-none-eabi/5.2.1/armv7-m\libgcc.a(_udivmoddi4.o)
                0x0000edf0                __udivmoddi4
 .text          0x0000f0dc        0x4 c:/openmono/gcc-arm-none-eabi-5_2-2015q4-20151219-win32/bin/../lib/gcc/arm-none-eabi/5.2.1/armv7-m\libgcc.a(_dvmd_tls.o)
                0x0000f0dc                __aeabi_idiv0
                0x0000f0dc                __aeabi_ldiv0
 .text._getpid  0x0000f0e0       0x10 c:/openmono/gcc-arm-none-eabi-5_2-2015q4-20151219-win32/bin/../lib/gcc/arm-none-eabi/5.2.1/../../../../arm-none-eabi/lib/armv7-m\libnosys.a(getpid.o)
                0x0000f0e0                _getpid
 .text._kill    0x0000f0f0       0x10 c:/openmono/gcc-arm-none-eabi-5_2-2015q4-20151219-win32/bin/../lib/gcc/arm-none-eabi/5.2.1/../../../../arm-none-eabi/lib/armv7-m\libnosys.a(kill.o)
                0x0000f0f0                _kill
 .text.PWM_Enable
                0x0000f100       0x10 c:/OpenMono/mono/monoCyLib.a(PWM.o)
                0x0000f100                PWM_Enable
 .text.PWM_Stop
                0x0000f110       0x10 c:/OpenMono/mono/monoCyLib.a(PWM.o)
                0x0000f110                PWM_Stop
 .text.PWM_WriteCounter
                0x0000f120        0xc c:/OpenMono/mono/monoCyLib.a(PWM.o)
                0x0000f120                PWM_WriteCounter
 .text.PWM_ReadCounter
                0x0000f12c       0x14 c:/OpenMono/mono/monoCyLib.a(PWM.o)
                0x0000f12c                PWM_ReadCounter
 .text.PWM_ClearFIFO
                0x0000f140       0x18 c:/OpenMono/mono/monoCyLib.a(PWM.o)
                0x0000f140                PWM_ClearFIFO
 .text.PWM_Init
                0x0000f158       0x50 c:/OpenMono/mono/monoCyLib.a(PWM.o)
                0x0000f158                PWM_Init
 .text.PWM_Start
                0x0000f1a8       0x1c c:/OpenMono/mono/monoCyLib.a(PWM.o)
                0x0000f1a8                PWM_Start
 .text.PWM_WritePeriod
                0x0000f1c4        0xc c:/OpenMono/mono/monoCyLib.a(PWM.o)
                0x0000f1c4                PWM_WritePeriod
 .text.PWM_WriteCompare1
                0x0000f1d0        0xc c:/OpenMono/mono/monoCyLib.a(PWM.o)
                0x0000f1d0                PWM_WriteCompare1
 .text.PWM_WriteCompare2
                0x0000f1dc        0xc c:/OpenMono/mono/monoCyLib.a(PWM.o)
                0x0000f1dc                PWM_WriteCompare2
 .text.PWM_ReadControlRegister
                0x0000f1e8        0xc c:/OpenMono/mono/monoCyLib.a(PWM.o)
                0x0000f1e8                PWM_ReadControlRegister
 .text.PWM_WriteControlRegister
                0x0000f1f4        0xc c:/OpenMono/mono/monoCyLib.a(PWM.o)
                0x0000f1f4                PWM_WriteControlRegister
 .text.PWM_ReadCompare1
                0x0000f200        0xc c:/OpenMono/mono/monoCyLib.a(PWM.o)
                0x0000f200                PWM_ReadCompare1
 .text.PWM_ReadPeriod
                0x0000f20c        0xc c:/OpenMono/mono/monoCyLib.a(PWM.o)
                0x0000f20c                PWM_ReadPeriod
 .text.USBUART_Init
                0x0000f218      0x13c c:/OpenMono/mono/monoCyLib.a(USBUART.o)
                0x0000f218                USBUART_Init
 .text.USBUART_InitComponent
                0x0000f354       0xa4 c:/OpenMono/mono/monoCyLib.a(USBUART.o)
                0x0000f354                USBUART_InitComponent
 .text.USBUART_Start
                0x0000f3f8       0x24 c:/OpenMono/mono/monoCyLib.a(USBUART.o)
                0x0000f3f8                USBUART_Start
 .text.USBUART_ReInitComponent
                0x0000f41c       0x4c c:/OpenMono/mono/monoCyLib.a(USBUART.o)
                0x0000f41c                USBUART_ReInitComponent
 .text.USBUART_Stop
                0x0000f468       0x90 c:/OpenMono/mono/monoCyLib.a(USBUART.o)
                0x0000f468                USBUART_Stop
 .text.USBUART_GetConfiguration
                0x0000f4f8        0xc c:/OpenMono/mono/monoCyLib.a(USBUART.o)
                0x0000f4f8                USBUART_GetConfiguration
 .text.USBUART_IsConfigurationChanged
                0x0000f504       0x18 c:/OpenMono/mono/monoCyLib.a(USBUART.o)
                0x0000f504                USBUART_IsConfigurationChanged
 .text.USBUART_GetEPState
                0x0000f51c       0x10 c:/OpenMono/mono/monoCyLib.a(USBUART.o)
                0x0000f51c                USBUART_GetEPState
 .text.USBUART_GetEPCount
                0x0000f52c       0x28 c:/OpenMono/mono/monoCyLib.a(USBUART.o)
                0x0000f52c                USBUART_GetEPCount
 .text.USBUART_LoadInEP
                0x0000f554       0x7c c:/OpenMono/mono/monoCyLib.a(USBUART.o)
                0x0000f554                USBUART_LoadInEP
 .text.USBUART_EnableOutEP
                0x0000f5d0       0x28 c:/OpenMono/mono/monoCyLib.a(USBUART.o)
                0x0000f5d0                USBUART_EnableOutEP
 .text.USBUART_ReadOutEP
                0x0000f5f8       0x4c c:/OpenMono/mono/monoCyLib.a(USBUART.o)
                0x0000f5f8                USBUART_ReadOutEP
 .text.USBUART_GetInterfaceComPort
                0x0000f644       0x30 c:/OpenMono/mono/monoCyLib.a(USBUART_cdc.o)
                0x0000f644                USBUART_GetInterfaceComPort
 .text.USBUART_DispatchCDCClassRqst
                0x0000f674       0x90 c:/OpenMono/mono/monoCyLib.a(USBUART_cdc.o)
                0x0000f674                USBUART_DispatchCDCClassRqst
 .text.USBUART_CDC_Init
                0x0000f704       0x70 c:/OpenMono/mono/monoCyLib.a(USBUART_cdc.o)
                0x0000f704                USBUART_CDC_Init
 .text.USBUART_PutData
                0x0000f774       0x44 c:/OpenMono/mono/monoCyLib.a(USBUART_cdc.o)
                0x0000f774                USBUART_PutData
 .text.USBUART_PutChar
                0x0000f7b8       0x24 c:/OpenMono/mono/monoCyLib.a(USBUART_cdc.o)
                0x0000f7b8                USBUART_PutChar
 .text.USBUART_GetCount
                0x0000f7dc       0x2c c:/OpenMono/mono/monoCyLib.a(USBUART_cdc.o)
                0x0000f7dc                USBUART_GetCount
 .text.USBUART_DataIsReady
                0x0000f808       0x14 c:/OpenMono/mono/monoCyLib.a(USBUART_cdc.o)
                0x0000f808                USBUART_DataIsReady
 .text.USBUART_CDCIsReady
                0x0000f81c       0x14 c:/OpenMono/mono/monoCyLib.a(USBUART_cdc.o)
                0x0000f81c                USBUART_CDCIsReady
 .text.USBUART_GetData
                0x0000f830       0x1c c:/OpenMono/mono/monoCyLib.a(USBUART_cdc.o)
                0x0000f830                USBUART_GetData
 .text.USBUART_GetAll
                0x0000f84c       0x2c c:/OpenMono/mono/monoCyLib.a(USBUART_cdc.o)
                0x0000f84c                USBUART_GetAll
 .text.USBUART_GetChar
                0x0000f878       0x28 c:/OpenMono/mono/monoCyLib.a(USBUART_cdc.o)
                0x0000f878                USBUART_GetChar
 .text.USBUART_GetLineControl
                0x0000f8a0       0x18 c:/OpenMono/mono/monoCyLib.a(USBUART_cdc.o)
                0x0000f8a0                USBUART_GetLineControl
 .text.USBUART_Cdc_EpInit
                0x0000f8b8       0x50 c:/OpenMono/mono/monoCyLib.a(USBUART_cdc.o)
                0x0000f8b8                USBUART_Cdc_EpInit
 .text.USBUART_LoadEP0
                0x0000f908       0x8c c:/OpenMono/mono/monoCyLib.a(USBUART_drv.o)
                0x0000f908                USBUART_LoadEP0
 .text.USBUART_InitZeroLengthControlTransfer
                0x0000f994       0x34 c:/OpenMono/mono/monoCyLib.a(USBUART_drv.o)
                0x0000f994                USBUART_InitZeroLengthControlTransfer
 .text.USBUART_ControlWriteDataStage
                0x0000f9c8       0x78 c:/OpenMono/mono/monoCyLib.a(USBUART_drv.o)
                0x0000f9c8                USBUART_ControlWriteDataStage
 .text.USBUART_InitNoDataControlTransfer
                0x0000fa40       0x2c c:/OpenMono/mono/monoCyLib.a(USBUART_drv.o)
                0x0000fa40                USBUART_InitNoDataControlTransfer
 .text.USBUART_UpdateStatusBlock
                0x0000fa6c       0x20 c:/OpenMono/mono/monoCyLib.a(USBUART_drv.o)
                0x0000fa6c                USBUART_UpdateStatusBlock
 .text.USBUART_HandleSetup
                0x0000fa8c       0x58 c:/OpenMono/mono/monoCyLib.a(USBUART_drv.o)
                0x0000fa8c                USBUART_HandleSetup
 .text.USBUART_ControlReadStatusStage
                0x0000fae4       0x34 c:/OpenMono/mono/monoCyLib.a(USBUART_drv.o)
                0x0000fae4                USBUART_ControlReadStatusStage
 .text.USBUART_HandleOUT
                0x0000fb18       0x3c c:/OpenMono/mono/monoCyLib.a(USBUART_drv.o)
                0x0000fb18                USBUART_HandleOUT
 .text.USBUART_ControlWriteStatusStage
                0x0000fb54       0x20 c:/OpenMono/mono/monoCyLib.a(USBUART_drv.o)
                0x0000fb54                USBUART_ControlWriteStatusStage
 .text.USBUART_NoDataControlStatusStage
                0x0000fb74       0x3c c:/OpenMono/mono/monoCyLib.a(USBUART_drv.o)
                0x0000fb74                USBUART_NoDataControlStatusStage
 .text.USBUART_HandleIN
                0x0000fbb0       0x24 c:/OpenMono/mono/monoCyLib.a(USBUART_drv.o)
                0x0000fbb0                USBUART_HandleIN
 .text.USBUART_EP_0_ISR
                0x0000fbd4       0x8c c:/OpenMono/mono/monoCyLib.a(USBUART_drv.o)
                0x0000fbd4                USBUART_EP_0_ISR
 .text.USBUART_InitializeStatusBlock
                0x0000fc60       0x20 c:/OpenMono/mono/monoCyLib.a(USBUART_drv.o)
                0x0000fc60                USBUART_InitializeStatusBlock
 .text.USBUART_InitControlRead
                0x0000fc80       0x4c c:/OpenMono/mono/monoCyLib.a(USBUART_drv.o)
                0x0000fc80                USBUART_InitControlRead
 .text.USBUART_InitControlWrite
                0x0000fccc       0x48 c:/OpenMono/mono/monoCyLib.a(USBUART_drv.o)
                0x0000fccc                USBUART_InitControlWrite
 .text.USBUART_EP_1_ISR
                0x0000fd14       0x34 c:/OpenMono/mono/monoCyLib.a(USBUART_episr.o)
                0x0000fd14                USBUART_EP_1_ISR
 .text.USBUART_EP_2_ISR
                0x0000fd48       0x38 c:/OpenMono/mono/monoCyLib.a(USBUART_episr.o)
                0x0000fd48                USBUART_EP_2_ISR
 .text.USBUART_EP_3_ISR
                0x0000fd80       0x40 c:/OpenMono/mono/monoCyLib.a(USBUART_episr.o)
                0x0000fd80                USBUART_EP_3_ISR
 .text.USBUART_SOF_ISR
                0x0000fdc0        0x2 c:/OpenMono/mono/monoCyLib.a(USBUART_episr.o)
                0x0000fdc0                USBUART_SOF_ISR
 .text.USBUART_BUS_RESET_ISR
                0x0000fdc2        0x4 c:/OpenMono/mono/monoCyLib.a(USBUART_episr.o)
                0x0000fdc2                USBUART_BUS_RESET_ISR
 .text.USBUART_DP_ISR
                0x0000fdc6        0x4 c:/OpenMono/mono/monoCyLib.a(USBUART_pm.o)
                0x0000fdc6                USBUART_DP_ISR
 *fill*         0x0000fdca        0x2 
 .text.USBUART_ReadDieID
                0x0000fdcc       0x6c c:/OpenMono/mono/monoCyLib.a(USBUART_std.o)
                0x0000fdcc                USBUART_ReadDieID
 .text.USBUART_ConfigReg
                0x0000fe38       0x80 c:/OpenMono/mono/monoCyLib.a(USBUART_std.o)
                0x0000fe38                USBUART_ConfigReg
 .text.USBUART_GetConfigTablePtr
                0x0000feb8       0x24 c:/OpenMono/mono/monoCyLib.a(USBUART_std.o)
                0x0000feb8                USBUART_GetConfigTablePtr
 .text.USBUART_ConfigAltChanged
                0x0000fedc      0x128 c:/OpenMono/mono/monoCyLib.a(USBUART_std.o)
                0x0000fedc                USBUART_ConfigAltChanged
 .text.USBUART_GetInterfaceClassTablePtr
                0x00010004       0x20 c:/OpenMono/mono/monoCyLib.a(USBUART_std.o)
                0x00010004                USBUART_GetInterfaceClassTablePtr
 .text.USBUART_Config
                0x00010024      0x174 c:/OpenMono/mono/monoCyLib.a(USBUART_std.o)
                0x00010024                USBUART_Config
 .text.USBUART_SetEndpointHalt
                0x00010198       0x54 c:/OpenMono/mono/monoCyLib.a(USBUART_std.o)
                0x00010198                USBUART_SetEndpointHalt
 .text.USBUART_ClearEndpointHalt
                0x000101ec       0x70 c:/OpenMono/mono/monoCyLib.a(USBUART_std.o)
                0x000101ec                USBUART_ClearEndpointHalt
 .text.USBUART_ValidateAlternateSetting
                0x0001025c       0x48 c:/OpenMono/mono/monoCyLib.a(USBUART_std.o)
                0x0001025c                USBUART_ValidateAlternateSetting
 .text.USBUART_HandleStandardRqst
                0x000102a4      0x274 c:/OpenMono/mono/monoCyLib.a(USBUART_std.o)
                0x000102a4                USBUART_HandleStandardRqst
 .text.USBUART_HandleVendorRqst
                0x00010518       0x2c c:/OpenMono/mono/monoCyLib.a(USBUART_vnd.o)
                0x00010518                USBUART_HandleVendorRqst
 .text.USBUART_Dp_ClearInterrupt
                0x00010544       0x10 c:/OpenMono/mono/monoCyLib.a(USBUART_Dp.o)
                0x00010544                USBUART_Dp_ClearInterrupt
 .text.USBUART_DispatchClassRqst
                0x00010554       0x48 c:/OpenMono/mono/monoCyLib.a(USBUART_cls.o)
                0x00010554                USBUART_DispatchClassRqst
 .text._ZN4mbed3SPIC2E7PinNameS1_S1_S1_
                0x0001059c       0x60 c:/OpenMono/mono/mbedlib.a(SPI.o)
                0x0001059c                mbed::SPI::SPI(PinName, PinName, PinName, PinName)
                0x0001059c                mbed::SPI::SPI(PinName, PinName, PinName, PinName)
 .text._ZN4mbed3SPI6aquireEv
                0x000105fc       0x2c c:/OpenMono/mono/mbedlib.a(SPI.o)
                0x000105fc                mbed::SPI::aquire()
 .text._ZN4mbed3SPI9frequencyEi
                0x00010628       0x10 c:/OpenMono/mono/mbedlib.a(SPI.o)
                0x00010628                mbed::SPI::frequency(int)
 .text._ZN4mbed3SPI5writeEi
                0x00010638       0x16 c:/OpenMono/mono/mbedlib.a(SPI.o)
                0x00010638                mbed::SPI::write(int)
 .text._ZN4mbed6Serial5_getcEv
                0x0001064e        0x4 c:/OpenMono/mono/mbedlib.a(Serial.o)
                0x0001064e                mbed::Serial::_getc()
 .text._ZThn64_N4mbed6Serial5_getcEv
                0x00010652        0x8 c:/OpenMono/mono/mbedlib.a(Serial.o)
                0x00010652                non-virtual thunk to mbed::Serial::_getc()
 .text._ZN4mbed6Serial5_putcEi
                0x0001065a        0x4 c:/OpenMono/mono/mbedlib.a(Serial.o)
                0x0001065a                mbed::Serial::_putc(int)
 .text._ZThn64_N4mbed6Serial5_putcEi
                0x0001065e        0x8 c:/OpenMono/mono/mbedlib.a(Serial.o)
                0x0001065e                non-virtual thunk to mbed::Serial::_putc(int)
 *fill*         0x00010666        0x2 
 .text._ZN4mbed6SerialC2E7PinNameS1_PKc
                0x00010668       0x30 c:/OpenMono/mono/mbedlib.a(Serial.o)
                0x00010668                mbed::Serial::Serial(PinName, PinName, char const*)
                0x00010668                mbed::Serial::Serial(PinName, PinName, char const*)
 .text._ZN4mbed10SerialBase12_irq_handlerEm9SerialIrq
                0x00010698       0x26 c:/OpenMono/mono/mbedlib.a(SerialBase.o)
                0x00010698                mbed::SerialBase::_irq_handler(unsigned long, SerialIrq)
 *fill*         0x000106be        0x2 
 .text._ZN4mbed10SerialBaseC2E7PinNameS1_
                0x000106c0       0x3c c:/OpenMono/mono/mbedlib.a(SerialBase.o)
                0x000106c0                mbed::SerialBase::SerialBase(PinName, PinName)
                0x000106c0                mbed::SerialBase::SerialBase(PinName, PinName)
 .text._ZN4mbed10SerialBase9writeableEv
                0x000106fc        0x6 c:/OpenMono/mono/mbedlib.a(SerialBase.o)
                0x000106fc                mbed::SerialBase::writeable()
 .text._ZN4mbed10SerialBase10_base_getcEv
                0x00010702        0x6 c:/OpenMono/mono/mbedlib.a(SerialBase.o)
                0x00010702                mbed::SerialBase::_base_getc()
 .text._ZN4mbed10SerialBase10_base_putcEi
                0x00010708        0xe c:/OpenMono/mono/mbedlib.a(SerialBase.o)
                0x00010708                mbed::SerialBase::_base_putc(int)
 .text._ZN4mbed6Stream5writeEPKvj
                0x00010716       0x24 c:/OpenMono/mono/mbedlib.a(Stream.o)
                0x00010716                mbed::Stream::write(void const*, unsigned int)
 .text._ZN4mbed6Stream4readEPvj
                0x0001073a       0x24 c:/OpenMono/mono/mbedlib.a(Stream.o)
                0x0001073a                mbed::Stream::read(void*, unsigned int)
 .text._ZN4mbed6Stream5lseekEli
                0x0001075e        0x4 c:/OpenMono/mono/mbedlib.a(Stream.o)
                0x0001075e                mbed::Stream::lseek(long, int)
 .text._ZN4mbed6Stream5fsyncEv
                0x00010762        0x4 c:/OpenMono/mono/mbedlib.a(Stream.o)
                0x00010762                mbed::Stream::isatty()
                0x00010762                mbed::Stream::fsync()
                0x00010762                mbed::Stream::close()
 .text._ZN4mbed6Stream4flenEv
                0x00010766        0x4 c:/OpenMono/mono/mbedlib.a(Stream.o)
                0x00010766                mbed::Stream::flen()
 *fill*         0x0001076a        0x2 
 .text._ZN4mbed6StreamC2EPKc
                0x0001076c       0x44 c:/OpenMono/mono/mbedlib.a(Stream.o)
                0x0001076c                mbed::Stream::Stream(char const*)
                0x0001076c                mbed::Stream::Stream(char const*)
 .text._ZN4mbed6StreamD2Ev
                0x000107b0       0x24 c:/OpenMono/mono/mbedlib.a(Stream.o)
                0x000107b0                mbed::Stream::~Stream()
                0x000107b0                mbed::Stream::~Stream()
 .text._ZN4mbed6Stream6printfEPKcz
                0x000107d4       0x28 c:/OpenMono/mono/mbedlib.a(Stream.o)
                0x000107d4                mbed::Stream::printf(char const*, ...)
 .text.spi_init
                0x000107fc       0x54 c:/OpenMono/mono/mbedlib.a(spi_api.o)
                0x000107fc                spi_init
 .text.spi_format
                0x00010850        0x4 c:/OpenMono/mono/mbedlib.a(spi_api.o)
                0x00010850                spi_format
 .text.spi_frequency
                0x00010854        0x2 c:/OpenMono/mono/mbedlib.a(spi_api.o)
                0x00010854                spi_frequency
 *fill*         0x00010856        0x2 
 .text.spi_master_write
                0x00010858       0xe0 c:/OpenMono/mono/mbedlib.a(spi_api.o)
                0x00010858                spi_master_write
 .text._ZN12SDFileSystem11disk_statusEv
                0x00010938        0xc c:/OpenMono/mono/mbedlib.a(SDFileSystem.o)
                0x00010938                SDFileSystem::disk_status()
 .text._ZN12SDFileSystem9disk_syncEv
                0x00010944        0x4 c:/OpenMono/mono/mbedlib.a(SDFileSystem.o)
                0x00010944                SDFileSystem::disk_sync()
 .text._ZN12SDFileSystem12disk_sectorsEv
                0x00010948        0x6 c:/OpenMono/mono/mbedlib.a(SDFileSystem.o)
                0x00010948                SDFileSystem::disk_sectors()
 .text._ZL8ext_bitsPhii
                0x0001094e       0x2e c:/OpenMono/mono/mbedlib.a(SDFileSystem.o)
 .text.debug    0x0001097c       0x24 c:/OpenMono/mono/mbedlib.a(SDFileSystem.o)
 .text.gpio_write.isra.0
                0x000109a0       0x34 c:/OpenMono/mono/mbedlib.a(SDFileSystem.o)
 .text._ZN12SDFileSystemC2E7PinNameS0_S0_S0_PKc
                0x000109d4       0x68 c:/OpenMono/mono/mbedlib.a(SDFileSystem.o)
                0x000109d4                SDFileSystem::SDFileSystem(PinName, PinName, PinName, PinName, char const*)
                0x000109d4                SDFileSystem::SDFileSystem(PinName, PinName, PinName, PinName, char const*)
 .text._ZN12SDFileSystem4_cmdEii
                0x00010a3c       0x8a c:/OpenMono/mono/mbedlib.a(SDFileSystem.o)
                0x00010a3c                SDFileSystem::_cmd(int, int)
 *fill*         0x00010ac6        0x2 
 .text._ZN12SDFileSystem18initialise_card_v1Ev
                0x00010ac8       0x3c c:/OpenMono/mono/mbedlib.a(SDFileSystem.o)
                0x00010ac8                SDFileSystem::initialise_card_v1()
 .text._ZN12SDFileSystem5_cmdxEii
                0x00010b04       0x74 c:/OpenMono/mono/mbedlib.a(SDFileSystem.o)
                0x00010b04                SDFileSystem::_cmdx(int, int)
 .text._ZN12SDFileSystem6_cmd58Ev
                0x00010b78       0xa4 c:/OpenMono/mono/mbedlib.a(SDFileSystem.o)
                0x00010b78                SDFileSystem::_cmd58()
 .text._ZN12SDFileSystem18initialise_card_v2Ev
                0x00010c1c       0x50 c:/OpenMono/mono/mbedlib.a(SDFileSystem.o)
                0x00010c1c                SDFileSystem::initialise_card_v2()
 .text._ZN12SDFileSystem5_cmd8Ev
                0x00010c6c       0xa8 c:/OpenMono/mono/mbedlib.a(SDFileSystem.o)
                0x00010c6c                SDFileSystem::_cmd8()
 .text._ZN12SDFileSystem15initialise_cardEv
                0x00010d14       0x70 c:/OpenMono/mono/mbedlib.a(SDFileSystem.o)
                0x00010d14                SDFileSystem::initialise_card()
 .text._ZN12SDFileSystem5_readEPhm
                0x00010d84       0x5a c:/OpenMono/mono/mbedlib.a(SDFileSystem.o)
                0x00010d84                SDFileSystem::_read(unsigned char*, unsigned long)
 .text._ZN12SDFileSystem9disk_readEPhmm
                0x00010dde       0x46 c:/OpenMono/mono/mbedlib.a(SDFileSystem.o)
                0x00010dde                SDFileSystem::disk_read(unsigned char*, unsigned long, unsigned long)
 .text._ZN12SDFileSystem6_writeEPKhm
                0x00010e24       0x86 c:/OpenMono/mono/mbedlib.a(SDFileSystem.o)
                0x00010e24                SDFileSystem::_write(unsigned char const*, unsigned long)
 .text._ZN12SDFileSystem10disk_writeEPKhmm
                0x00010eaa       0x46 c:/OpenMono/mono/mbedlib.a(SDFileSystem.o)
                0x00010eaa                SDFileSystem::disk_write(unsigned char const*, unsigned long, unsigned long)
 .text._ZN12SDFileSystem11_sd_sectorsEv
                0x00010ef0       0xa4 c:/OpenMono/mono/mbedlib.a(SDFileSystem.o)
                0x00010ef0                SDFileSystem::_sd_sectors()
 .text._ZN12SDFileSystem15disk_initializeEv
                0x00010f94       0x50 c:/OpenMono/mono/mbedlib.a(SDFileSystem.o)
                0x00010f94                SDFileSystem::disk_initialize()
 .text._ZN13FATFileSystem15disk_initializeEv
                0x00010fe4        0x4 c:/OpenMono/mono/mbedlib.a(FATFileSystem.o)
                0x00010fe4                FATFileSystem::disk_initialize()
 .text._ZN13FATFileSystem11disk_statusEv
                0x00010fe8        0x4 c:/OpenMono/mono/mbedlib.a(FATFileSystem.o)
                0x00010fe8                FATFileSystem::disk_status()
 .text._ZN13FATFileSystem9disk_syncEv
                0x00010fec        0x4 c:/OpenMono/mono/mbedlib.a(FATFileSystem.o)
                0x00010fec                FATFileSystem::disk_sync()
 .text._ZN13FATFileSystem5mountEv
                0x00010ff0       0x18 c:/OpenMono/mono/mbedlib.a(FATFileSystem.o)
                0x00010ff0                FATFileSystem::mount()
 .text._ZN13FATFileSystem7unmountEv
                0x00011008       0x26 c:/OpenMono/mono/mbedlib.a(FATFileSystem.o)
                0x00011008                FATFileSystem::unmount()
 .text._ZN13FATFileSystem7opendirEPKc
                0x0001102e       0x26 c:/OpenMono/mono/mbedlib.a(FATFileSystem.o)
                0x0001102e                FATFileSystem::opendir(char const*)
 .text._ZN13FATFileSystem5mkdirEPKcj
                0x00011054       0x12 c:/OpenMono/mono/mbedlib.a(FATFileSystem.o)
                0x00011054                FATFileSystem::mkdir(char const*, unsigned int)
 .text._ZN13FATFileSystem6formatEv
                0x00011066       0x1a c:/OpenMono/mono/mbedlib.a(FATFileSystem.o)
                0x00011066                FATFileSystem::format()
 .text._ZN13FATFileSystem6renameEPKcS1_
                0x00011080       0x14 c:/OpenMono/mono/mbedlib.a(FATFileSystem.o)
                0x00011080                FATFileSystem::rename(char const*, char const*)
 .text._ZN13FATFileSystem6removeEPKc
                0x00011094       0x12 c:/OpenMono/mono/mbedlib.a(FATFileSystem.o)
                0x00011094                FATFileSystem::remove(char const*)
 *fill*         0x000110a6        0x2 
 .text._ZN13FATFileSystem4openEPKci
                0x000110a8       0x90 c:/OpenMono/mono/mbedlib.a(FATFileSystem.o)
                0x000110a8                FATFileSystem::open(char const*, int)
 .text.get_fattime
                0x00011138       0x40 c:/OpenMono/mono/mbedlib.a(FATFileSystem.o)
                0x00011138                get_fattime
 .text._ZN13FATFileSystemC2EPKc
                0x00011178       0x48 c:/OpenMono/mono/mbedlib.a(FATFileSystem.o)
                0x00011178                FATFileSystem::FATFileSystem(char const*)
                0x00011178                FATFileSystem::FATFileSystem(char const*)
 .text._ZN13FATFileSystemD2Ev
                0x000111c0       0x30 c:/OpenMono/mono/mbedlib.a(FATFileSystem.o)
                0x000111c0                FATFileSystem::~FATFileSystem()
                0x000111c0                FATFileSystem::~FATFileSystem()
 .text._ZL7mem_cpyPvPKvj
                0x000111f0       0x14 c:/OpenMono/mono/mbedlib.a(ff.o)
 .text._ZL7mem_setPvij
                0x00011204        0xe c:/OpenMono/mono/mbedlib.a(ff.o)
 .text._ZL7sum_sfnPKh
                0x00011212       0x1e c:/OpenMono/mono/mbedlib.a(ff.o)
 .text._ZL12get_ldnumberPPKc
                0x00011230       0x30 c:/OpenMono/mono/mbedlib.a(ff.o)
 .text._ZL8validatePv
                0x00011260       0x24 c:/OpenMono/mono/mbedlib.a(ff.o)
 .text._ZL12get_fileinfoP9FATFS_DIRP7FILINFO
                0x00011284       0xce c:/OpenMono/mono/mbedlib.a(ff.o)
 .text._ZL8ld_clustP5FATFSPKh.isra.0
                0x00011352       0x1c c:/OpenMono/mono/mbedlib.a(ff.o)
 .text._ZL11sync_windowP5FATFS.part.1
                0x0001136e       0x46 c:/OpenMono/mono/mbedlib.a(ff.o)
 .text._ZL11sync_windowP5FATFS
                0x000113b4        0xc c:/OpenMono/mono/mbedlib.a(ff.o)
 .text._ZL7sync_fsP5FATFS
                0x000113c0       0xb0 c:/OpenMono/mono/mbedlib.a(ff.o)
 .text._ZL11move_windowP5FATFSm
                0x00011470       0x36 c:/OpenMono/mono/mbedlib.a(ff.o)
 *fill*         0x000114a6        0x2 
 .text._ZL8check_fsP5FATFSm
                0x000114a8       0x54 c:/OpenMono/mono/mbedlib.a(ff.o)
 .text._ZL11find_volumePP5FATFSPPKch
                0x000114fc      0x26c c:/OpenMono/mono/mbedlib.a(ff.o)
 .text._Z10clust2sectP5FATFSm
                0x00011768       0x16 c:/OpenMono/mono/mbedlib.a(ff.o)
                0x00011768                clust2sect(FATFS*, unsigned long)
 .text._Z7get_fatP5FATFSm
                0x0001177e       0xca c:/OpenMono/mono/mbedlib.a(ff.o)
                0x0001177e                get_fat(FATFS*, unsigned long)
 .text._ZL7dir_sdiP9FATFS_DIRj
                0x00011848       0x7e c:/OpenMono/mono/mbedlib.a(ff.o)
 .text._Z7put_fatP5FATFSmm
                0x000118c6       0xf2 c:/OpenMono/mono/mbedlib.a(ff.o)
                0x000118c6                put_fat(FATFS*, unsigned long, unsigned long)
 .text._ZL12create_chainP5FATFSm
                0x000119b8       0xa2 c:/OpenMono/mono/mbedlib.a(ff.o)
 .text._ZL8dir_nextP9FATFS_DIRi
                0x00011a5a       0xee c:/OpenMono/mono/mbedlib.a(ff.o)
 .text._ZL8dir_findP9FATFS_DIR.part.6
                0x00011b48      0x138 c:/OpenMono/mono/mbedlib.a(ff.o)
 .text._ZL11follow_pathP9FATFS_DIRPKc
                0x00011c80      0x268 c:/OpenMono/mono/mbedlib.a(ff.o)
 .text._ZL12dir_registerP9FATFS_DIR
                0x00011ee8      0x234 c:/OpenMono/mono/mbedlib.a(ff.o)
 .text._ZL10dir_removeP9FATFS_DIR
                0x0001211c       0x5a c:/OpenMono/mono/mbedlib.a(ff.o)
 *fill*         0x00012176        0x2 
 .text._ZL8dir_readP9FATFS_DIRi.constprop.9
                0x00012178      0x110 c:/OpenMono/mono/mbedlib.a(ff.o)
 .text._ZL12remove_chainP5FATFSm
                0x00012288       0x5c c:/OpenMono/mono/mbedlib.a(ff.o)
 .text.f_mount  0x000122e4       0x50 c:/OpenMono/mono/mbedlib.a(ff.o)
                0x000122e4                f_mount
 .text.f_open   0x00012334      0x144 c:/OpenMono/mono/mbedlib.a(ff.o)
                0x00012334                f_open
 .text.f_read   0x00012478      0x150 c:/OpenMono/mono/mbedlib.a(ff.o)
                0x00012478                f_read
 .text.f_sync   0x000125c8       0xa6 c:/OpenMono/mono/mbedlib.a(ff.o)
                0x000125c8                f_sync
 .text.f_write  0x0001266e      0x19a c:/OpenMono/mono/mbedlib.a(ff.o)
                0x0001266e                f_write
 .text.f_close  0x00012808       0x16 c:/OpenMono/mono/mbedlib.a(ff.o)
                0x00012808                f_close
 .text.f_lseek  0x0001281e      0x12e c:/OpenMono/mono/mbedlib.a(ff.o)
                0x0001281e                f_lseek
 .text.f_opendir
                0x0001294c       0x78 c:/OpenMono/mono/mbedlib.a(ff.o)
                0x0001294c                f_opendir
 .text.f_closedir
                0x000129c4        0xe c:/OpenMono/mono/mbedlib.a(ff.o)
                0x000129c4                f_closedir
 *fill*         0x000129d2        0x2 
 .text.f_readdir
                0x000129d4       0x58 c:/OpenMono/mono/mbedlib.a(ff.o)
                0x000129d4                f_readdir
 .text.f_unlink
                0x00012a2c       0x98 c:/OpenMono/mono/mbedlib.a(ff.o)
                0x00012a2c                f_unlink
 .text.f_mkdir  0x00012ac4      0x1c0 c:/OpenMono/mono/mbedlib.a(ff.o)
                0x00012ac4                f_mkdir
 .text.f_rename
                0x00012c84      0x104 c:/OpenMono/mono/mbedlib.a(ff.o)
                0x00012c84                f_rename
 .text.f_mkfs   0x00012d88      0x59c c:/OpenMono/mono/mbedlib.a(ff.o)
                0x00012d88                f_mkfs
 .text.mbed_assert_internal
                0x00013324       0x28 c:/OpenMono/mono/mbedlib.a(assert.o)
                0x00013324                mbed_assert_internal
 .text.error    0x0001334c       0x50 c:/OpenMono/mono/mbedlib.a(error.o)
                0x0001334c                error
 .text._gpio_init_in
                0x0001339c       0x26 c:/OpenMono/mono/mbedlib.a(gpio.o)
 *fill*         0x000133c2        0x2 
 .text.gpio_write.isra.1
                0x000133c4       0x34 c:/OpenMono/mono/mbedlib.a(gpio.o)
 .text.gpio_init_in
                0x000133f8        0x6 c:/OpenMono/mono/mbedlib.a(gpio.o)
                0x000133f8                gpio_init_in
 .text.gpio_init_out_ex
                0x000133fe       0x2e c:/OpenMono/mono/mbedlib.a(gpio.o)
                0x000133fe                gpio_init_out_ex
 .text.gpio_init_out
                0x0001342c        0x6 c:/OpenMono/mono/mbedlib.a(gpio.o)
                0x0001342c                gpio_init_out
 .text.wait_us  0x00013432       0x16 c:/OpenMono/mono/mbedlib.a(wait_api.o)
                0x00013432                wait_us
 .text.wait_ms  0x00013448        0xa c:/OpenMono/mono/mbedlib.a(wait_api.o)
                0x00013448                wait_ms
 *fill*         0x00013452        0x2 
 .text._ZN4mbed8FileLikeC2EPKc
                0x00013454       0x28 c:/OpenMono/mono/mbedlib.a(FileLike.o)
                0x00013454                mbed::FileLike::FileLike(char const*)
                0x00013454                mbed::FileLike::FileLike(char const*)
 .text._ZN4mbed8FileLikeD2Ev
                0x0001347c       0x24 c:/OpenMono/mono/mbedlib.a(FileLike.o)
                0x0001347c                mbed::FileLike::~FileLike()
                0x0001347c                mbed::FileLike::~FileLike()
 .text.gpio_init
                0x000134a0        0x4 c:/OpenMono/mono/mbedlib.a(gpio_api.o)
                0x000134a0                gpio_init
 .text.gpio_mode
                0x000134a4       0xb0 c:/OpenMono/mono/mbedlib.a(gpio_api.o)
                0x000134a4                gpio_mode
 .text.gpio_dir
                0x00013554       0x48 c:/OpenMono/mono/mbedlib.a(gpio_api.o)
                0x00013554                gpio_dir
 .text._ZN12FATDirHandle9rewinddirEv
                0x0001359c        0x6 c:/OpenMono/mono/mbedlib.a(FATDirHandle.o)
                0x0001359c                FATDirHandle::rewinddir()
 .text._ZN12FATDirHandle7telldirEv
                0x000135a2        0x4 c:/OpenMono/mono/mbedlib.a(FATDirHandle.o)
                0x000135a2                FATDirHandle::telldir()
 .text._ZN12FATDirHandle7seekdirEl
                0x000135a6        0x4 c:/OpenMono/mono/mbedlib.a(FATDirHandle.o)
                0x000135a6                FATDirHandle::seekdir(long)
 .text._ZN12FATDirHandleD2Ev
                0x000135aa        0x2 c:/OpenMono/mono/mbedlib.a(FATDirHandle.o)
                0x000135aa                FATDirHandle::~FATDirHandle()
                0x000135aa                FATDirHandle::~FATDirHandle()
 .text._ZN12FATDirHandle8closedirEv
                0x000135ac       0x1a c:/OpenMono/mono/mbedlib.a(FATDirHandle.o)
                0x000135ac                FATDirHandle::closedir()
 .text._ZN12FATDirHandleD0Ev
                0x000135c6        0xc c:/OpenMono/mono/mbedlib.a(FATDirHandle.o)
                0x000135c6                FATDirHandle::~FATDirHandle()
 .text._ZN12FATDirHandle7readdirEv
                0x000135d2       0x4e c:/OpenMono/mono/mbedlib.a(FATDirHandle.o)
                0x000135d2                FATDirHandle::readdir()
 .text._ZN12FATDirHandleC2ERK9FATFS_DIR
                0x00013620       0x24 c:/OpenMono/mono/mbedlib.a(FATDirHandle.o)
                0x00013620                FATDirHandle::FATDirHandle(FATFS_DIR const&)
                0x00013620                FATDirHandle::FATDirHandle(FATFS_DIR const&)
 .text._ZN13FATFileHandle6isattyEv
                0x00013644        0x4 c:/OpenMono/mono/mbedlib.a(FATFileHandle.o)
                0x00013644                FATFileHandle::isatty()
 .text._ZN13FATFileHandle4flenEv
                0x00013648        0x4 c:/OpenMono/mono/mbedlib.a(FATFileHandle.o)
                0x00013648                FATFileHandle::flen()
 .text._ZN13FATFileHandle5closeEv
                0x0001364c       0x1a c:/OpenMono/mono/mbedlib.a(FATFileHandle.o)
                0x0001364c                FATFileHandle::close()
 *fill*         0x00013666        0x2 
 .text._ZN13FATFileHandleD2Ev
                0x00013668       0x14 c:/OpenMono/mono/mbedlib.a(FATFileHandle.o)
                0x00013668                FATFileHandle::~FATFileHandle()
                0x00013668                FATFileHandle::~FATFileHandle()
 .text._ZN13FATFileHandleD0Ev
                0x0001367c       0x12 c:/OpenMono/mono/mbedlib.a(FATFileHandle.o)
                0x0001367c                FATFileHandle::~FATFileHandle()
 .text._ZN13FATFileHandle5fsyncEv
                0x0001368e       0x12 c:/OpenMono/mono/mbedlib.a(FATFileHandle.o)
                0x0001368e                FATFileHandle::fsync()
 .text._ZN13FATFileHandle5lseekEli
                0x000136a0       0x26 c:/OpenMono/mono/mbedlib.a(FATFileHandle.o)
                0x000136a0                FATFileHandle::lseek(long, int)
 .text._ZN13FATFileHandle4readEPvj
                0x000136c6       0x1a c:/OpenMono/mono/mbedlib.a(FATFileHandle.o)
                0x000136c6                FATFileHandle::read(void*, unsigned int)
 .text._ZN13FATFileHandle5writeEPKvj
                0x000136e0       0x1a c:/OpenMono/mono/mbedlib.a(FATFileHandle.o)
                0x000136e0                FATFileHandle::write(void const*, unsigned int)
 *fill*         0x000136fa        0x2 
 .text._ZN13FATFileHandleC2E3FIL
                0x000136fc       0x2c c:/OpenMono/mono/mbedlib.a(FATFileHandle.o)
                0x000136fc                FATFileHandle::FATFileHandle(FIL)
                0x000136fc                FATFileHandle::FATFileHandle(FIL)
 .text.ff_convert
                0x00013728       0x3c c:/OpenMono/mono/mbedlib.a(ccsbcs.o)
                0x00013728                ff_convert
 .text.ff_wtoupper
                0x00013764       0x48 c:/OpenMono/mono/mbedlib.a(ccsbcs.o)
                0x00013764                ff_wtoupper
 .text.disk_status
                0x000137ac       0x18 c:/OpenMono/mono/mbedlib.a(diskio.o)
                0x000137ac                disk_status
 .text.disk_initialize
                0x000137c4       0x18 c:/OpenMono/mono/mbedlib.a(diskio.o)
                0x000137c4                disk_initialize
 .text.disk_read
                0x000137dc       0x1c c:/OpenMono/mono/mbedlib.a(diskio.o)